---
source: src/lowering/calls.rs
expression: "unit.implementations[0]"
---
Implementation {
    name: "main",
    type_name: "main",
    linkage: Internal,
    pou_type: Function,
    statements: [
        Assignment {
            left: ReferenceExpr {
                kind: Member(
                    Identifier {
                        name: "a",
                    },
                ),
                base: None,
            },
            right: CallStatement {
                operator: ReferenceExpr {
                    kind: Member(
                        Identifier {
                            name: "SEL",
                        },
                    ),
                    base: None,
                },
                parameters: Some(
                    ExpressionList {
                        expressions: [
                            LiteralString {
                                value: "hello",
                                is_wide: false,
                            },
                            LiteralString {
                                value: "world",
                                is_wide: false,
                            },
                        ],
                    },
                ),
            },
        },
    ],
    overriding: false,
    generic: false,
    access: None,
}
