---
source: src/lowering/calls.rs
expression: "unit.implementations[1]"
---
Implementation {
    name: "main",
    type_name: "main",
    linkage: Internal,
    pou_type: Function,
    statements: [
        ExpressionList {
            expressions: [
                Allocation {
                    name: "__complexFunc0",
                    reference_type: "STRING",
                },
                CallStatement {
                    operator: ReferenceExpr {
                        kind: Member(
                            Identifier {
                                name: "complexFunc",
                            },
                        ),
                        base: None,
                    },
                    parameters: Some(
                        ExpressionList {
                            expressions: [
                                ReferenceExpr {
                                    kind: Member(
                                        Identifier {
                                            name: "__complexFunc0",
                                        },
                                    ),
                                    base: None,
                                },
                            ],
                        },
                    ),
                },
                Assignment {
                    left: ReferenceExpr {
                        kind: Member(
                            Identifier {
                                name: "a",
                            },
                        ),
                        base: None,
                    },
                    right: ReferenceExpr {
                        kind: Member(
                            Identifier {
                                name: "__complexFunc0",
                            },
                        ),
                        base: None,
                    },
                },
            ],
        },
        ExpressionList {
            expressions: [
                Allocation {
                    name: "__complexFunc1",
                    reference_type: "STRING",
                },
                CallStatement {
                    operator: ReferenceExpr {
                        kind: Member(
                            Identifier {
                                name: "complexFunc",
                            },
                        ),
                        base: None,
                    },
                    parameters: Some(
                        ExpressionList {
                            expressions: [
                                ReferenceExpr {
                                    kind: Member(
                                        Identifier {
                                            name: "__complexFunc1",
                                        },
                                    ),
                                    base: None,
                                },
                            ],
                        },
                    ),
                },
                Assignment {
                    left: ReferenceExpr {
                        kind: Member(
                            Identifier {
                                name: "a",
                            },
                        ),
                        base: None,
                    },
                    right: ReferenceExpr {
                        kind: Member(
                            Identifier {
                                name: "__complexFunc1",
                            },
                        ),
                        base: None,
                    },
                },
            ],
        },
    ],
    overriding: false,
    generic: false,
    access: None,
}
