---
source: src/lowering/calls.rs
expression: unit
---
CompilationUnit {
    global_vars: [
        VariableBlock {
            variables: [],
            variable_block_type: Global,
        },
    ],
    var_config: [],
    units: [
        POU {
            name: "simpleFunc",
            variable_blocks: [
                VariableBlock {
                    variables: [
                        Variable {
                            name: "x",
                            data_type: DataTypeReference {
                                referenced_type: "DINT",
                            },
                        },
                    ],
                    variable_block_type: Input(
                        ByVal,
                    ),
                },
            ],
            pou_type: Function,
            return_type: Some(
                DataTypeReference {
                    referenced_type: "DINT",
                },
            ),
            interfaces: [],
        },
    ],
    implementations: [
        Implementation {
            name: "simpleFunc",
            type_name: "simpleFunc",
            linkage: Internal,
            pou_type: Function,
            statements: [
                Assignment {
                    left: ReferenceExpr {
                        kind: Member(
                            Identifier {
                                name: "simpleFunc",
                            },
                        ),
                        base: None,
                    },
                    right: LiteralInteger {
                        value: 5,
                    },
                },
            ],
            location: SourceLocation {
                span: Range(
                    TextLocation {
                        line: 5,
                        column: 8,
                        offset: 100,
                    }..TextLocation {
                        line: 6,
                        column: 20,
                        offset: 137,
                    },
                ),
            },
            name_location: SourceLocation {
                span: Range(
                    TextLocation {
                        line: 1,
                        column: 17,
                        offset: 18,
                    }..TextLocation {
                        line: 1,
                        column: 27,
                        offset: 28,
                    },
                ),
            },
            overriding: false,
            generic: false,
            access: None,
        },
    ],
    interfaces: [],
    user_types: [],
    file_name: "<internal>",
}
