---
source: compiler/plc_source/src/source_location.rs
expression: loc1.span(&loc2)
---
SourceLocation {
    span: Combined(
        [
            Block {
                diagram: "main",
                order: 1,
                pin: None,
            },
            Block {
                diagram: "main",
                order: 2,
                pin: None,
            },
        ],
    ),
}
