---
source: compiler/plc_lowering/src/inheritance.rs
expression: unit
---
Implementation {
    name: "child",
    type_name: "child",
    linkage: Internal,
    pou_type: FunctionBlock,
    statements: [
        Assignment {
            left: ReferenceExpr {
                kind: Member(
                    Identifier {
                        name: "z",
                    },
                ),
                base: Some(
                    ReferenceExpr {
                        kind: Member(
                            Identifier {
                                name: "__BASE",
                            },
                        ),
                        base: Some(
                            ReferenceExpr {
                                kind: Member(
                                    Identifier {
                                        name: "__BASE",
                                    },
                                ),
                                base: None,
                            },
                        ),
                    },
                ),
            },
            right: LiteralInteger {
                value: 42,
            },
        },
    ],
    location: SourceLocation {
        span: Range(
            TextLocation {
                line: 11,
                column: 16,
                offset: 283,
            }..TextLocation {
                line: 11,
                column: 24,
                offset: 291,
            },
        ),
    },
    name_location: SourceLocation {
        span: Range(
            TextLocation {
                line: 10,
                column: 27,
                offset: 246,
            }..TextLocation {
                line: 10,
                column: 32,
                offset: 251,
            },
        ),
    },
    overriding: false,
    generic: false,
    access: None,
}
