---
source: src/index/tests/instance_resolver_tests.rs
expression: "index.find_instances().collect::<Vec<Instance<'_>>>()"
---
[
    (
        ExpressionPath {
            names: [
                Name(
                    "a",
                ),
            ],
        },
        VariableIndexEntry {
            name: "a",
            qualified_name: "a",
            initial_value: None,
            argument_type: ByVal(
                Global,
            ),
            is_constant: false,
            is_var_external: false,
            is_retain: false,
            data_type_name: "INT",
            location_in_parent: 0,
            linkage: Internal,
            binding: None,
            source_location: SourceLocation {
                span: Range(2:4 - 2:5),
                file: Some(
                    "<internal>",
                ),
            },
            varargs: None,
        },
    ),
    (
        ExpressionPath {
            names: [
                Name(
                    "b",
                ),
            ],
        },
        VariableIndexEntry {
            name: "b",
            qualified_name: "b",
            initial_value: None,
            argument_type: ByVal(
                Global,
            ),
            is_constant: false,
            is_var_external: false,
            is_retain: false,
            data_type_name: "INT",
            location_in_parent: 0,
            linkage: Internal,
            binding: None,
            source_location: SourceLocation {
                span: Range(2:6 - 2:7),
                file: Some(
                    "<internal>",
                ),
            },
            varargs: None,
        },
    ),
]
