---
source: src/index/tests/index_tests.rs
expression: "ast.user_types[0].data_type"
---
EnumType {
    name: Some(
        "__global_inline_enum",
    ),
    numeric_type: "DINT",
    elements: ExpressionList {
        expressions: [
            Assignment {
                left: ReferenceExpr {
                    kind: Member(
                        Reference {
                            name: "a",
                        },
                    ),
                    base: None,
                },
                right: LiteralInteger {
                    value: 0,
                },
            },
            Assignment {
                left: ReferenceExpr {
                    kind: Member(
                        Reference {
                            name: "b",
                        },
                    ),
                    base: None,
                },
                right: BinaryExpression {
                    operator: Plus,
                    left: ReferenceExpr {
                        kind: Cast(
                            Reference {
                                name: "a",
                            },
                        ),
                        base: Some(
                            ReferenceExpr {
                                kind: Member(
                                    Reference {
                                        name: "__global_inline_enum",
                                    },
                                ),
                                base: None,
                            },
                        ),
                    },
                    right: LiteralInteger {
                        value: 1,
                    },
                },
            },
            Assignment {
                left: ReferenceExpr {
                    kind: Member(
                        Reference {
                            name: "c",
                        },
                    ),
                    base: None,
                },
                right: BinaryExpression {
                    operator: Plus,
                    left: ReferenceExpr {
                        kind: Cast(
                            Reference {
                                name: "b",
                            },
                        ),
                        base: Some(
                            ReferenceExpr {
                                kind: Member(
                                    Reference {
                                        name: "__global_inline_enum",
                                    },
                                ),
                                base: None,
                            },
                        ),
                    },
                    right: LiteralInteger {
                        value: 1,
                    },
                },
            },
        ],
    },
}
