---
source: src/parser/tests/control_parser_tests.rs
expression: statement
---
ForLoopStatement {
    counter: ReferenceExpr {
        kind: Member(
            Identifier {
                name: "y",
            },
        ),
        base: None,
    },
    start: ReferenceExpr {
        kind: Member(
            Identifier {
                name: "x",
            },
        ),
        base: None,
    },
    end: LiteralInteger {
        value: 10,
    },
    by_step: None,
    body: [],
}
