---
source: src/tests/multi_files.rs
expression: res
---
; ModuleID = 'file1.st'
source_filename = "file1.st"

%mainProg = type {}

@mainProg_instance = global %mainProg zeroinitializer, !dbg !0

define i16 @main() !dbg !8 {
entry:
  %main = alloca i16, align 2, !dbg !11
  call void @llvm.dbg.declare(metadata i16* %main, metadata !12, metadata !DIExpression()), !dbg !14
  store i16 0, i16* %main, align 2, !dbg !11
  call void @mainProg(%mainProg* @mainProg_instance), !dbg !11
  %main_ret = load i16, i16* %main, align 2, !dbg !11
  ret i16 %main_ret, !dbg !11
}

define void @mainProg(%mainProg* %0) !dbg !15 {
entry:
  call void @llvm.dbg.declare(metadata %mainProg* %0, metadata !16, metadata !DIExpression()), !dbg !17
  ret void, !dbg !17
}

; Function Attrs: nofree nosync nounwind readnone speculatable willreturn
declare void @llvm.dbg.declare(metadata, metadata, metadata) #0

attributes #0 = { nofree nosync nounwind readnone speculatable willreturn }

!llvm.dbg.cu = !{!5}

!0 = !DIGlobalVariableExpression(var: !1, expr: !DIExpression())
!1 = distinct !DIGlobalVariable(name: "mainProg", scope: !2, file: !2, line: 2, type: !3, isLocal: false, isDefinition: true)
!2 = !DIFile(filename: "file2.st", directory: "")
!3 = !DICompositeType(tag: DW_TAG_structure_type, name: "mainProg", scope: !2, file: !2, line: 2, align: 64, flags: DIFlagPublic, elements: !4, identifier: "mainProg")
!4 = !{}
!5 = distinct !DICompileUnit(language: DW_LANG_C, file: !6, producer: "RuSTy Structured text Compiler", isOptimized: false, runtimeVersion: 0, emissionKind: FullDebug, enums: !4, globals: !7, splitDebugInlining: false)
!6 = !DIFile(filename: "file1.st", directory: "")
!7 = !{!0}
!8 = distinct !DISubprogram(name: "main", linkageName: "main", scope: !6, file: !6, line: 2, type: !9, scopeLine: 10, flags: DIFlagPublic, spFlags: DISPFlagDefinition, unit: !5, retainedNodes: !4)
!9 = !DISubroutineType(flags: DIFlagPublic, types: !10)
!10 = !{null}
!11 = !DILocation(line: 10, column: 4, scope: !8)
!12 = !DILocalVariable(name: "main", scope: !8, file: !6, line: 2, type: !13, align: 16)
!13 = !DIBasicType(name: "int", size: 16, encoding: DW_ATE_signed, flags: DIFlagPublic)
!14 = !DILocation(line: 2, column: 13, scope: !8)
!15 = distinct !DISubprogram(name: "mainProg", linkageName: "mainProg", scope: !2, file: !2, line: 2, type: !9, scopeLine: 5, flags: DIFlagPublic, spFlags: DISPFlagDefinition, unit: !5, retainedNodes: !4)
!16 = !DILocalVariable(name: "mainProg", scope: !15, file: !2, line: 2, type: !3)
!17 = !DILocation(line: 5, column: 4, scope: !15)

