---
source: src/parser/tests/control_parser_tests.rs
expression: statement
---
IfStatement {
    blocks: [
        ConditionalBlock {
            condition: LiteralBool {
                value: true,
            },
            body: [
                ReferenceExpr {
                    kind: Member(
                        Reference {
                            name: "x",
                        },
                    ),
                    base: None,
                },
            ],
        },
    ],
    else_block: [
        ReferenceExpr {
            kind: Member(
                Reference {
                    name: "y",
                },
            ),
            base: None,
        },
    ],
}
