---
source: src/parser/tests/container_parser_tests.rs
expression: errors.first().unwrap()
---
Diagnostic {
    message: "Unexpected token: expected KeywordAction but found BRAVO",
    primary_location: SourceLocation {
        span: Range(
            TextLocation {
                line: 0,
                column: 13,
                offset: 13,
            }..TextLocation {
                line: 0,
                column: 18,
                offset: 18,
            },
        ),
    },
    secondary_locations: None,
    error_code: "E007",
    sub_diagnostics: [],
    internal_error: None,
}
