---
source: src/parser/tests/expressions_parser_tests.rs
expression: statement
---
CallStatement {
    operator: ReferenceExpr {
        kind: Member(
            Reference {
                name: "fn",
            },
        ),
        base: None,
    },
    parameters: Some(
        ExpressionList {
            expressions: [
                LiteralInteger {
                    value: 1,
                },
                LiteralInteger {
                    value: 2,
                },
                LiteralInteger {
                    value: 3,
                },
            ],
        },
    ),
}
