---
source: src/parser/tests/expressions_parser_tests.rs
expression: "&prg.statements[0]"
---
ReferenceExpr {
    kind: Member(
        Reference {
            name: "x",
        },
    ),
    base: Some(
        ReferenceExpr {
            kind: Member(
                Reference {
                    name: "a",
                },
            ),
            base: None,
        },
    ),
}
