---
source: src/parser/tests/parse_errors/parse_error_statements_tests.rs
expression: diagnostics
---
error[E006]: Missing expected Token `;` or `:`
  ┌─ <internal>:4:13
  │
4 │             UNTIL x = y END_REPEAT
  │             ^^^^^ Missing expected Token `;` or `:`

error[E007]: Unexpected token: expected `;` but found 'UNTIL'
  ┌─ <internal>:4:13
  │
4 │             UNTIL x = y END_REPEAT
  │             ^^^^^ Unexpected token: expected `;` but found 'UNTIL'
