---
source: src/parser/tests/parse_errors/parse_error_statements_tests.rs
expression: diagnostics
---
error[E006]: Missing expected Token [KeywordSemicolon, KeywordColon]
  ┌─ <internal>:4:13
  │
4 │             END_WHILE
  │             ^^^^^^^^^ Missing expected Token [KeywordSemicolon, KeywordColon]

error[E007]: Unexpected token: expected KeywordSemicolon but found 'END_WHILE'
  ┌─ <internal>:4:13
  │
4 │             END_WHILE
  │             ^^^^^^^^^ Unexpected token: expected KeywordSemicolon but found 'END_WHILE'
