---
source: src/codegen/tests/debug_tests/expression_debugging.rs
expression: result
---
; ModuleID = 'main'
source_filename = "main"

%myPrg = type {}
%myFb = type {}

@myPrg_instance = external global %myPrg, section "var-$RUSTY$myPrg_instance:r0", !dbg !0
@__myFb__init = unnamed_addr constant %myFb zeroinitializer, section "var-$RUSTY$__myFb__init:r0", !dbg !5

declare i32 @myFunc()

declare void @myPrg(%myPrg*)

declare void @myFb(%myFb*)

!llvm.module.flags = !{!8, !9}
!llvm.dbg.cu = !{!10}

!0 = !DIGlobalVariableExpression(var: !1, expr: !DIExpression())
!1 = distinct !DIGlobalVariable(name: "myPrg", scope: !2, file: !2, line: 4, type: !3, isLocal: false, isDefinition: true)
!2 = !DIFile(filename: "main", directory: "src")
!3 = !DICompositeType(tag: DW_TAG_structure_type, name: "myPrg", scope: !2, file: !2, line: 4, align: 64, flags: DIFlagPublic, elements: !4, identifier: "myPrg")
!4 = !{}
!5 = !DIGlobalVariableExpression(var: !6, expr: !DIExpression())
!6 = distinct !DIGlobalVariable(name: "__myFb__init", scope: !2, file: !2, line: 6, type: !7, isLocal: false, isDefinition: true)
!7 = !DICompositeType(tag: DW_TAG_structure_type, name: "myFb", scope: !2, file: !2, line: 6, align: 64, flags: DIFlagPublic, elements: !4, identifier: "myFb")
!8 = !{i32 2, !"Dwarf Version", i32 5}
!9 = !{i32 2, !"Debug Info Version", i32 3}
!10 = distinct !DICompileUnit(language: DW_LANG_C, file: !2, producer: "RuSTy Structured text Compiler", isOptimized: false, runtimeVersion: 0, emissionKind: FullDebug, globals: !11, splitDebugInlining: false)
!11 = !{!0, !5}
