---
source: src/codegen/tests/debug_tests/expression_debugging.rs
expression: result
---
; ModuleID = 'main'
source_filename = "main"

%myProg = type { i32 }
%fb = type { i32 }

@myProg_instance = global %myProg zeroinitializer, !dbg !0
@__fb__init = unnamed_addr constant %fb zeroinitializer, !dbg !7

define void @myProg(%myProg* %0) !dbg !15 {
entry:
  call void @llvm.dbg.declare(metadata %myProg* %0, metadata !18, metadata !DIExpression()), !dbg !19
  %x = getelementptr inbounds %myProg, %myProg* %0, i32 0, i32 0, !dbg !19
  %load_x = load i32, i32* %x, align 4, !dbg !19
  %tmpVar = add i32 %load_x, 2, !dbg !19
  store i32 %tmpVar, i32* %x, align 4, !dbg !19
  ret void, !dbg !19
}

define void @fb(%fb* %0) !dbg !20 {
entry:
  call void @llvm.dbg.declare(metadata %fb* %0, metadata !21, metadata !DIExpression()), !dbg !22
  %x = getelementptr inbounds %fb, %fb* %0, i32 0, i32 0, !dbg !22
  %load_x = load i32, i32* %x, align 4, !dbg !22
  %tmpVar = add i32 %load_x, 2, !dbg !22
  store i32 %tmpVar, i32* %x, align 4, !dbg !22
  ret void, !dbg !22
}

; Function Attrs: nofree nosync nounwind readnone speculatable willreturn
declare void @llvm.dbg.declare(metadata, metadata, metadata) #0

attributes #0 = { nofree nosync nounwind readnone speculatable willreturn }

!llvm.dbg.cu = !{!12}

!0 = !DIGlobalVariableExpression(var: !1, expr: !DIExpression())
!1 = distinct !DIGlobalVariable(name: "myProg", scope: !2, file: !2, line: 2, type: !3, isLocal: false, isDefinition: true)
!2 = !DIFile(filename: "main", directory: "")
!3 = !DICompositeType(tag: DW_TAG_structure_type, name: "myProg", scope: !2, file: !2, line: 2, size: 32, align: 64, flags: DIFlagPublic, elements: !4, identifier: "myProg")
!4 = !{!5}
!5 = !DIDerivedType(tag: DW_TAG_member, name: "x", scope: !2, file: !2, line: 4, baseType: !6, size: 32, align: 32, flags: DIFlagPublic)
!6 = !DIBasicType(name: "dint", size: 32, encoding: DW_ATE_signed, flags: DIFlagPublic)
!7 = !DIGlobalVariableExpression(var: !8, expr: !DIExpression())
!8 = distinct !DIGlobalVariable(name: "__fb__init", scope: !2, file: !2, line: 9, type: !9, isLocal: false, isDefinition: true)
!9 = !DICompositeType(tag: DW_TAG_structure_type, name: "fb", scope: !2, file: !2, line: 9, size: 32, align: 64, flags: DIFlagPublic, elements: !10, identifier: "fb")
!10 = !{!11}
!11 = !DIDerivedType(tag: DW_TAG_member, name: "x", scope: !2, file: !2, line: 11, baseType: !6, size: 32, align: 32, flags: DIFlagPublic)
!12 = distinct !DICompileUnit(language: DW_LANG_C, file: !2, producer: "RuSTy Structured text Compiler", isOptimized: false, runtimeVersion: 0, emissionKind: FullDebug, enums: !13, globals: !14, splitDebugInlining: false)
!13 = !{}
!14 = !{!0, !7}
!15 = distinct !DISubprogram(name: "myProg", linkageName: "myProg", scope: !2, file: !2, line: 2, type: !16, scopeLine: 6, flags: DIFlagPublic, spFlags: DISPFlagDefinition, unit: !12, retainedNodes: !13)
!16 = !DISubroutineType(flags: DIFlagPublic, types: !17)
!17 = !{null, !6}
!18 = !DILocalVariable(name: "myProg", scope: !15, file: !2, line: 2, type: !3)
!19 = !DILocation(line: 6, column: 12, scope: !15)
!20 = distinct !DISubprogram(name: "fb", linkageName: "fb", scope: !2, file: !2, line: 9, type: !16, scopeLine: 13, flags: DIFlagPublic, spFlags: DISPFlagDefinition, unit: !12, retainedNodes: !13)
!21 = !DILocalVariable(name: "fb", scope: !20, file: !2, line: 9, type: !9)
!22 = !DILocation(line: 13, column: 12, scope: !20)

