---
source: compiler/plc_driver/./src/tests/multi_files.rs
expression: "results.join(\"\\n\")"
---
; ModuleID = 'external_file1.st'
source_filename = "external_file1.st"

%mainProg = type {}

@mainProg_instance = external global %mainProg, section "$RUSTY$var-mainprog_instance:r0"

define i16 @main() {
entry:
  %main = alloca i16, align 2
  store i16 0, i16* %main, align 2
  call void @mainProg(%mainProg* @mainProg_instance)
  %main_ret = load i16, i16* %main, align 2
  ret i16 %main_ret
}

declare void @mainProg(%mainProg*)

; ModuleID = 'external_file2.st'
source_filename = "external_file2.st"

%mainProg = type {}

@mainProg_instance = global %mainProg zeroinitializer, section "$RUSTY$var-mainprog_instance:r0"

define void @mainProg(%mainProg* %0) {
entry:
  ret void
}

; ModuleID = '__initializers'
source_filename = "__initializers"

%mainProg = type {}

@mainProg_instance = external global %mainProg, section "$RUSTY$var-mainprog_instance:r0"

define void @__init_mainprog(%mainProg* %0) {
entry:
  %self = alloca %mainProg*, align 8
  store %mainProg* %0, %mainProg** %self, align 8
  ret void
}

declare void @mainProg(%mainProg*)

; ModuleID = '__init___TestProject'
source_filename = "__init___TestProject"

%mainProg = type {}

@mainProg_instance = external global %mainProg, section "$RUSTY$var-mainprog_instance:r0"

define void @__init___TestProject() {
entry:
  call void @__init_mainprog(%mainProg* @mainProg_instance)
  ret void
}

declare void @__init_mainprog(%mainProg*)

declare void @mainProg(%mainProg*)
