---
source: src/validation/tests/generic_validation_tests.rs
expression: res
---
SyntaxError { message: "Invalid type nature for generic argument. BOOL is no Real.", range: [SourceLocation { span: Range(TextLocation { line: 2, column: 57, offset: 138 }..TextLocation { line: 2, column: 58, offset: 139 }) }], err_no: type__invalid_nature }
SyntaxError { message: "Invalid type nature for generic argument. BYTE is no Real.", range: [SourceLocation { span: Range(TextLocation { line: 3, column: 57, offset: 212 }..TextLocation { line: 3, column: 58, offset: 213 }) }], err_no: type__invalid_nature }
SyntaxError { message: "Invalid type nature for generic argument. WORD is no Real.", range: [SourceLocation { span: Range(TextLocation { line: 4, column: 57, offset: 286 }..TextLocation { line: 4, column: 58, offset: 287 }) }], err_no: type__invalid_nature }
SyntaxError { message: "Invalid type nature for generic argument. DWORD is no Real.", range: [SourceLocation { span: Range(TextLocation { line: 5, column: 58, offset: 361 }..TextLocation { line: 5, column: 59, offset: 362 }) }], err_no: type__invalid_nature }
SyntaxError { message: "Invalid type nature for generic argument. LWORD is no Real.", range: [SourceLocation { span: Range(TextLocation { line: 6, column: 58, offset: 436 }..TextLocation { line: 6, column: 59, offset: 437 }) }], err_no: type__invalid_nature }

