---
source: src/validation/tests/recursive_validation_tests.rs
expression: res
---
SemanticError { message: "Recursive data structure `A -> B -> A` has infinite size", range: [SourceLocation { span: Range(TextLocation { line: 1, column: 17, offset: 18 }..TextLocation { line: 1, column: 18, offset: 19 }) }, SourceLocation { span: Range(TextLocation { line: 5, column: 17, offset: 102 }..TextLocation { line: 5, column: 18, offset: 103 }) }], err_no: pou__recursive_data_structure }

