---
source: src/validation/tests/naming_validation_test.rs
expression: "& result"
---
error[E004]: REAL can not be used as a name because it is a built-in datatype
  ┌─ <internal>:1:6
  │
1 │ TYPE REAL : STRUCT x : DINT; END_STRUCT END_TYPE
  │      ^^^^ REAL can not be used as a name because it is a built-in datatype

error[E004]: REAL: Ambiguous datatype.
  ┌─ <internal>:1:6
  │
1 │ TYPE REAL : STRUCT x : DINT; END_STRUCT END_TYPE
  │      ^^^^ REAL: Ambiguous datatype.
