---
source: src/validation/tests/assignment_validation_tests.rs
expression: res
---
SyntaxError { message: "Invalid assignment: cannot assign 'LREAL' to 'CHAR'", range: [SourceLocation { span: Range(TextLocation { line: 31, column: 4, offset: 531 }..TextLocation { line: 31, column: 21, offset: 548 }) }], err_no: var__invalid_assignment }
SyntaxError { message: "Invalid assignment: cannot assign 'REAL' to 'CHAR'", range: [SourceLocation { span: Range(TextLocation { line: 32, column: 4, offset: 565 }..TextLocation { line: 32, column: 22, offset: 583 }) }], err_no: var__invalid_assignment }
SyntaxError { message: "Invalid assignment: cannot assign 'UDINT' to 'CHAR'", range: [SourceLocation { span: Range(TextLocation { line: 33, column: 4, offset: 600 }..TextLocation { line: 33, column: 21, offset: 617 }) }], err_no: var__invalid_assignment }
SyntaxError { message: "Invalid assignment: cannot assign 'UDINT' to 'CHAR'", range: [SourceLocation { span: Range(TextLocation { line: 34, column: 4, offset: 634 }..TextLocation { line: 34, column: 22, offset: 652 }) }], err_no: var__invalid_assignment }
SyntaxError { message: "Invalid assignment: cannot assign 'DINT' to 'CHAR'", range: [SourceLocation { span: Range(TextLocation { line: 35, column: 4, offset: 669 }..TextLocation { line: 35, column: 20, offset: 685 }) }], err_no: var__invalid_assignment }
SyntaxError { message: "Invalid assignment: cannot assign 'DINT' to 'CHAR'", range: [SourceLocation { span: Range(TextLocation { line: 36, column: 4, offset: 702 }..TextLocation { line: 36, column: 21, offset: 719 }) }], err_no: var__invalid_assignment }
SyntaxError { message: "Invalid assignment: cannot assign 'TIME' to 'CHAR'", range: [SourceLocation { span: Range(TextLocation { line: 37, column: 4, offset: 736 }..TextLocation { line: 37, column: 20, offset: 752 }) }], err_no: var__invalid_assignment }
SyntaxError { message: "Invalid assignment: cannot assign 'TIME' to 'CHAR'", range: [SourceLocation { span: Range(TextLocation { line: 38, column: 4, offset: 769 }..TextLocation { line: 38, column: 28, offset: 793 }) }], err_no: var__invalid_assignment }
SyntaxError { message: "Invalid assignment: cannot assign 'WORD' to 'CHAR'", range: [SourceLocation { span: Range(TextLocation { line: 39, column: 4, offset: 810 }..TextLocation { line: 39, column: 20, offset: 826 }) }], err_no: var__invalid_assignment }
SyntaxError { message: "Invalid assignment: cannot assign 'WORD' to 'CHAR'", range: [SourceLocation { span: Range(TextLocation { line: 40, column: 4, offset: 843 }..TextLocation { line: 40, column: 26, offset: 865 }) }], err_no: var__invalid_assignment }
SyntaxError { message: "Invalid assignment: cannot assign 'STRING' to 'CHAR'", range: [SourceLocation { span: Range(TextLocation { line: 41, column: 4, offset: 882 }..TextLocation { line: 41, column: 23, offset: 901 }) }], err_no: var__invalid_assignment }
SyntaxError { message: "Invalid assignment: cannot assign 'STRING' to 'CHAR'", range: [SourceLocation { span: Range(TextLocation { line: 42, column: 4, offset: 933 }..TextLocation { line: 42, column: 24, offset: 953 }) }], err_no: var__invalid_assignment }
SyntaxError { message: "Invalid assignment: cannot assign 'WSTRING' to 'CHAR'", range: [SourceLocation { span: Range(TextLocation { line: 44, column: 4, offset: 1013 }..TextLocation { line: 44, column: 17, offset: 1026 }) }], err_no: var__invalid_assignment }
SyntaxError { message: "Invalid assignment: cannot assign 'STRING' to 'CHAR'", range: [SourceLocation { span: Range(TextLocation { line: 45, column: 4, offset: 1043 }..TextLocation { line: 45, column: 22, offset: 1061 }) }], err_no: var__invalid_assignment }
SyntaxError { message: "Invalid assignment: cannot assign 'STRING' to 'CHAR'", range: [SourceLocation { span: Range(TextLocation { line: 46, column: 4, offset: 1078 }..TextLocation { line: 46, column: 29, offset: 1103 }) }], err_no: var__invalid_assignment }
SyntaxError { message: "Value: 'string' exceeds length for type: CHAR", range: [SourceLocation { span: Range(TextLocation { line: 47, column: 4, offset: 1120 }..TextLocation { line: 47, column: 22, offset: 1138 }) }], err_no: syntax__generic_error }
SyntaxError { message: "Invalid assignment: cannot assign 'STRING' to 'CHAR'", range: [SourceLocation { span: Range(TextLocation { line: 47, column: 4, offset: 1120 }..TextLocation { line: 47, column: 22, offset: 1138 }) }], err_no: var__invalid_assignment }
SyntaxError { message: "Invalid assignment: cannot assign 'WCHAR' to 'CHAR'", range: [SourceLocation { span: Range(TextLocation { line: 50, column: 4, offset: 1219 }..TextLocation { line: 50, column: 21, offset: 1236 }) }], err_no: var__invalid_assignment }
SyntaxError { message: "Invalid assignment: cannot assign 'WCHAR' to 'CHAR'", range: [SourceLocation { span: Range(TextLocation { line: 51, column: 4, offset: 1253 }..TextLocation { line: 51, column: 23, offset: 1272 }) }], err_no: var__invalid_assignment }
SyntaxError { message: "Invalid assignment: cannot assign 'TIME_OF_DAY' to 'CHAR'", range: [SourceLocation { span: Range(TextLocation { line: 52, column: 4, offset: 1289 }..TextLocation { line: 52, column: 19, offset: 1304 }) }], err_no: var__invalid_assignment }
SyntaxError { message: "Invalid assignment: cannot assign 'TIME_OF_DAY' to 'CHAR'", range: [SourceLocation { span: Range(TextLocation { line: 53, column: 4, offset: 1321 }..TextLocation { line: 53, column: 26, offset: 1343 }) }], err_no: var__invalid_assignment }
SyntaxError { message: "Invalid assignment: cannot assign 'INT' to 'CHAR'", range: [SourceLocation { span: Range(TextLocation { line: 54, column: 4, offset: 1360 }..TextLocation { line: 54, column: 24, offset: 1380 }) }], err_no: var__invalid_assignment }
SyntaxError { message: "Invalid assignment: cannot assign 'STRING' to 'CHAR'", range: [SourceLocation { span: Range(TextLocation { line: 55, column: 4, offset: 1397 }..TextLocation { line: 55, column: 27, offset: 1420 }) }], err_no: var__invalid_assignment }
SyntaxError { message: "Invalid assignment: cannot assign 'INT' to 'CHAR'", range: [SourceLocation { span: Range(TextLocation { line: 56, column: 4, offset: 1437 }..TextLocation { line: 56, column: 28, offset: 1461 }) }], err_no: var__invalid_assignment }
SyntaxError { message: "Invalid assignment: cannot assign 'STRING' to 'CHAR'", range: [SourceLocation { span: Range(TextLocation { line: 57, column: 4, offset: 1478 }..TextLocation { line: 57, column: 31, offset: 1505 }) }], err_no: var__invalid_assignment }

