---
source: src/validation/tests/bitaccess_validation_test.rs
expression: res
---
SyntaxError { message: "DWord-Wise access requires a Numerical type larger than 32 bits", range: [SourceLocation { span: Range(197..200) }], err_no: type__incompatible_directaccess }
SyntaxError { message: "DWord-Wise access requires a Numerical type larger than 32 bits", range: [SourceLocation { span: Range(223..226) }], err_no: type__incompatible_directaccess }
SyntaxError { message: "DWord-Wise access requires a Numerical type larger than 32 bits", range: [SourceLocation { span: Range(249..252) }], err_no: type__incompatible_directaccess }

