---
source: src/validation/tests/assignment_validation_tests.rs
expression: res
---
SyntaxError { message: "Invalid assignment: cannot assign 'STRING' to 'BYTE'", range: [SourceLocation { span: Range(TextLocation { line: 38, column: 4, offset: 807 }..TextLocation { line: 38, column: 22, offset: 825 }) }], err_no: var__invalid_assignment }
SyntaxError { message: "Invalid assignment: cannot assign 'STRING' to 'BYTE'", range: [SourceLocation { span: Range(TextLocation { line: 39, column: 4, offset: 842 }..TextLocation { line: 39, column: 29, offset: 867 }) }], err_no: var__invalid_assignment }
SyntaxError { message: "Invalid assignment: cannot assign 'STRING' to 'BYTE'", range: [SourceLocation { span: Range(TextLocation { line: 40, column: 4, offset: 884 }..TextLocation { line: 40, column: 22, offset: 902 }) }], err_no: var__invalid_assignment }
SyntaxError { message: "Invalid assignment: cannot assign 'CHAR' to 'BYTE'", range: [SourceLocation { span: Range(TextLocation { line: 41, column: 4, offset: 919 }..TextLocation { line: 41, column: 20, offset: 935 }) }], err_no: var__invalid_assignment }
SyntaxError { message: "Invalid assignment: cannot assign 'CHAR' to 'BYTE'", range: [SourceLocation { span: Range(TextLocation { line: 42, column: 4, offset: 952 }..TextLocation { line: 42, column: 22, offset: 970 }) }], err_no: var__invalid_assignment }
SyntaxError { message: "Invalid assignment: cannot assign 'STRING' to 'BYTE'", range: [SourceLocation { span: Range(TextLocation { line: 46, column: 4, offset: 1089 }..TextLocation { line: 46, column: 27, offset: 1112 }) }], err_no: var__invalid_assignment }
SyntaxError { message: "Invalid assignment: cannot assign 'STRING' to 'BYTE'", range: [SourceLocation { span: Range(TextLocation { line: 48, column: 4, offset: 1168 }..TextLocation { line: 48, column: 31, offset: 1195 }) }], err_no: var__invalid_assignment }

