---
source: src/validation/tests/generic_validation_tests.rs
expression: res
---
SyntaxError { message: "Invalid assignment: cannot assign 'REAL' to 'CHAR'", range: [SourceLocation { span: Range(TextLocation { line: 14, column: 13, offset: 430 }..TextLocation { line: 14, column: 21, offset: 438 }) }], err_no: var__invalid_assignment }
SyntaxError { message: "Invalid type nature for generic argument. REAL is no Char.", range: [SourceLocation { span: Range(TextLocation { line: 14, column: 13, offset: 430 }..TextLocation { line: 14, column: 21, offset: 438 }) }], err_no: type__invalid_nature }
SyntaxError { message: "Invalid assignment: cannot assign 'UDINT' to 'CHAR'", range: [SourceLocation { span: Range(TextLocation { line: 14, column: 23, offset: 440 }..TextLocation { line: 14, column: 35, offset: 452 }) }], err_no: var__invalid_assignment }
SyntaxError { message: "Invalid type nature for generic argument. UDINT is no Char.", range: [SourceLocation { span: Range(TextLocation { line: 14, column: 23, offset: 440 }..TextLocation { line: 14, column: 35, offset: 452 }) }], err_no: type__invalid_nature }
SyntaxError { message: "Invalid assignment: cannot assign 'DINT' to 'CHAR'", range: [SourceLocation { span: Range(TextLocation { line: 14, column: 37, offset: 454 }..TextLocation { line: 14, column: 47, offset: 464 }) }], err_no: var__invalid_assignment }
SyntaxError { message: "Invalid type nature for generic argument. DINT is no Char.", range: [SourceLocation { span: Range(TextLocation { line: 14, column: 37, offset: 454 }..TextLocation { line: 14, column: 47, offset: 464 }) }], err_no: type__invalid_nature }
SyntaxError { message: "Invalid assignment: cannot assign 'TIME' to 'CHAR'", range: [SourceLocation { span: Range(TextLocation { line: 14, column: 49, offset: 466 }..TextLocation { line: 14, column: 57, offset: 474 }) }], err_no: var__invalid_assignment }
SyntaxError { message: "Invalid type nature for generic argument. TIME is no Char.", range: [SourceLocation { span: Range(TextLocation { line: 14, column: 49, offset: 466 }..TextLocation { line: 14, column: 57, offset: 474 }) }], err_no: type__invalid_nature }
SyntaxError { message: "Invalid assignment: cannot assign 'BYTE' to 'CHAR'", range: [SourceLocation { span: Range(TextLocation { line: 14, column: 59, offset: 476 }..TextLocation { line: 14, column: 67, offset: 484 }) }], err_no: var__invalid_assignment }
SyntaxError { message: "Invalid type nature for generic argument. BYTE is no Char.", range: [SourceLocation { span: Range(TextLocation { line: 14, column: 59, offset: 476 }..TextLocation { line: 14, column: 67, offset: 484 }) }], err_no: type__invalid_nature }
SyntaxError { message: "Invalid assignment: cannot assign 'STRING' to 'CHAR'", range: [SourceLocation { span: Range(TextLocation { line: 14, column: 69, offset: 486 }..TextLocation { line: 14, column: 76, offset: 493 }) }], err_no: var__invalid_assignment }
SyntaxError { message: "Invalid type nature for generic argument. STRING is no Char.", range: [SourceLocation { span: Range(TextLocation { line: 14, column: 69, offset: 486 }..TextLocation { line: 14, column: 76, offset: 493 }) }], err_no: type__invalid_nature }
SyntaxError { message: "Invalid assignment: cannot assign 'DATE' to 'CHAR'", range: [SourceLocation { span: Range(TextLocation { line: 14, column: 88, offset: 505 }..TextLocation { line: 14, column: 96, offset: 513 }) }], err_no: var__invalid_assignment }
SyntaxError { message: "Invalid type nature for generic argument. DATE is no Char.", range: [SourceLocation { span: Range(TextLocation { line: 14, column: 88, offset: 505 }..TextLocation { line: 14, column: 96, offset: 513 }) }], err_no: type__invalid_nature }

