---
source: src/validation/tests/literals_validation_tests.rs
expression: res
---
SyntaxError { message: "Invalid cast: 'LINT' to 'DATE_AND_TIME'", range: [SourceRange { range: 33..63 }], err_no: type__cast_error }
SyntaxError { message: "Invalid cast: 'LINT' to 'TIME_OF_DAY'", range: [SourceRange { range: 77..106 }], err_no: type__cast_error }
SyntaxError { message: "Invalid cast: 'LINT' to 'TIME'", range: [SourceRange { range: 120..136 }], err_no: type__cast_error }
SyntaxError { message: "Invalid cast: 'LINT' to 'DATE'", range: [SourceRange { range: 150..170 }], err_no: type__cast_error }
SyntaxError { message: "Invalid cast: 'ULINT' to 'DATE_AND_TIME'", range: [SourceRange { range: 185..216 }], err_no: type__cast_error }
SyntaxError { message: "Invalid cast: 'ULINT' to 'TIME_OF_DAY'", range: [SourceRange { range: 230..260 }], err_no: type__cast_error }
SyntaxError { message: "Invalid cast: 'ULINT' to 'TIME'", range: [SourceRange { range: 274..291 }], err_no: type__cast_error }
SyntaxError { message: "Invalid cast: 'ULINT' to 'DATE'", range: [SourceRange { range: 305..326 }], err_no: type__cast_error }
SyntaxError { message: "Invalid cast: 'INT' to 'DATE_AND_TIME'", range: [SourceRange { range: 341..370 }], err_no: type__cast_error }
SyntaxError { message: "Invalid cast: 'INT' to 'TIME_OF_DAY'", range: [SourceRange { range: 384..412 }], err_no: type__cast_error }
SyntaxError { message: "Invalid cast: 'INT' to 'TIME'", range: [SourceRange { range: 426..441 }], err_no: type__cast_error }
SyntaxError { message: "Invalid cast: 'INT' to 'DATE'", range: [SourceRange { range: 455..474 }], err_no: type__cast_error }

