---
source: src/validation/tests/statement_validation_tests.rs
expression: "&diagnostics"
---
warning: Pointers REF_TO STRUCT_params and __POINTER_TO_INT have different types
   ┌─ <internal>:47:13
   │
47 │             input1 := REF(global4),
   │             ^^^^^^^^^^^^^^^^^^^^^^ Pointers REF_TO STRUCT_params and __POINTER_TO_INT have different types

warning: Pointers REF_TO STRUCT_params and __POINTER_TO_REAL have different types
   ┌─ <internal>:48:13
   │
48 │             input2 := REF(global5),
   │             ^^^^^^^^^^^^^^^^^^^^^^ Pointers REF_TO STRUCT_params and __POINTER_TO_REAL have different types

warning: Pointers REF_TO STRUCT_params and __POINTER_TO_STRING have different types
   ┌─ <internal>:49:13
   │
49 │             input3 := REF(global6),
   │             ^^^^^^^^^^^^^^^^^^^^^^ Pointers REF_TO STRUCT_params and __POINTER_TO_STRING have different types

warning: Pointers REF_TO STRUCT_params and __POINTER_TO_INT have different types
   ┌─ <internal>:55:13
   │
55 │             input1 := &(global4),
   │             ^^^^^^^^^^^^^^^^^^^^ Pointers REF_TO STRUCT_params and __POINTER_TO_INT have different types

warning: Pointers REF_TO STRUCT_params and __POINTER_TO_REAL have different types
   ┌─ <internal>:56:13
   │
56 │             input2 := &(global5),
   │             ^^^^^^^^^^^^^^^^^^^^ Pointers REF_TO STRUCT_params and __POINTER_TO_REAL have different types

warning: Pointers REF_TO STRUCT_params and __POINTER_TO___global_global6 have different types
   ┌─ <internal>:57:13
   │
57 │             input3 := &(global6),
   │             ^^^^^^^^^^^^^^^^^^^^ Pointers REF_TO STRUCT_params and __POINTER_TO___global_global6 have different types


