---
source: src/validation/tests/assignment_validation_tests.rs
expression: res
---
SyntaxError { message: "Invalid assignment: 'STRING' - 'LREAL'", range: [SourceRange { range: 548..567 }], err_no: var__invalid_assignment }
SyntaxError { message: "Invalid assignment: 'STRING' - 'REAL'", range: [SourceRange { range: 584..604 }], err_no: var__invalid_assignment }
SyntaxError { message: "Invalid assignment: 'STRING' - 'UDINT'", range: [SourceRange { range: 621..640 }], err_no: var__invalid_assignment }
SyntaxError { message: "Invalid assignment: 'STRING' - 'UDINT'", range: [SourceRange { range: 657..677 }], err_no: var__invalid_assignment }
SyntaxError { message: "Invalid assignment: 'STRING' - 'DINT'", range: [SourceRange { range: 694..712 }], err_no: var__invalid_assignment }
SyntaxError { message: "Invalid assignment: 'STRING' - 'DINT'", range: [SourceRange { range: 729..748 }], err_no: var__invalid_assignment }
SyntaxError { message: "Invalid assignment: 'STRING' - 'TIME'", range: [SourceRange { range: 765..783 }], err_no: var__invalid_assignment }
SyntaxError { message: "Invalid assignment: 'STRING' - 'TIME'", range: [SourceRange { range: 800..826 }], err_no: var__invalid_assignment }
SyntaxError { message: "Invalid assignment: 'STRING' - 'WORD'", range: [SourceRange { range: 843..861 }], err_no: var__invalid_assignment }
SyntaxError { message: "Invalid assignment: 'STRING' - 'WORD'", range: [SourceRange { range: 878..902 }], err_no: var__invalid_assignment }
SyntaxError { message: "Invalid assignment: 'STRING' - 'WSTRING'", range: [SourceRange { range: 1028..1049 }], err_no: var__invalid_assignment }
SyntaxError { message: "Invalid assignment: 'STRING' - 'WSTRING'", range: [SourceRange { range: 1066..1095 }], err_no: var__invalid_assignment }
SyntaxError { message: "Invalid assignment: 'STRING' - 'WSTRING'", range: [SourceRange { range: 1112..1133 }], err_no: var__invalid_assignment }
SyntaxError { message: "Invalid assignment: 'STRING' - 'CHAR'", range: [SourceRange { range: 1150..1168 }], err_no: var__invalid_assignment }
SyntaxError { message: "Invalid assignment: 'STRING' - 'CHAR'", range: [SourceRange { range: 1185..1205 }], err_no: var__invalid_assignment }
SyntaxError { message: "Invalid assignment: 'STRING' - 'TIME_OF_DAY'", range: [SourceRange { range: 1222..1239 }], err_no: var__invalid_assignment }
SyntaxError { message: "Invalid assignment: 'STRING' - 'TIME_OF_DAY'", range: [SourceRange { range: 1256..1280 }], err_no: var__invalid_assignment }
SyntaxError { message: "Invalid assignment: 'STRING' - 'INT'", range: [SourceRange { range: 1297..1318 }], err_no: var__invalid_assignment }
SyntaxError { message: "Invalid assignment: 'STRING' - 'INT'", range: [SourceRange { range: 1376..1401 }], err_no: var__invalid_assignment }

