---
source: src/validation/tests/literals_validation_tests.rs
expression: res
---
SyntaxError { message: "Literal true is not compatible to STRING", range: [SourceLocation { span: Range(102..113) }], err_no: type__incompatible_literal_cast }
SyntaxError { message: "Literal false is not compatible to WSTRING", range: [SourceLocation { span: Range(127..140) }], err_no: type__incompatible_literal_cast }
SyntaxError { message: "Literal 22 is not compatible to STRING", range: [SourceLocation { span: Range(155..164) }], err_no: type__incompatible_literal_cast }
SyntaxError { message: "Literal 33 is not compatible to WSTRING", range: [SourceLocation { span: Range(178..188) }], err_no: type__incompatible_literal_cast }
SyntaxError { message: "Literal 3.14 is not compatible to STRING", range: [SourceLocation { span: Range(203..214) }], err_no: type__incompatible_literal_cast }
SyntaxError { message: "Literal 1.0 is not compatible to WSTRING", range: [SourceLocation { span: Range(228..239) }], err_no: type__incompatible_literal_cast }

