---
source: src/validation/tests/variable_validation_tests.rs
expression: res
---
SemanticError { message: "This will overflow for type INT", range: [SourceLocation { span: Range(43..48) }], err_no: var__overflow }
SemanticError { message: "This will overflow for type INT", range: [SourceLocation { span: Range(73..82) }], err_no: var__overflow }

