---
source: src/validation/tests/assignment_validation_tests.rs
expression: res
---
SyntaxError { message: "Invalid assignment: cannot assign 'STRING' to 'UDINT'", range: [SourceLocation { span: Range(TextLocation { line: 40, column: 4, offset: 840 }..TextLocation { line: 40, column: 23, offset: 859 }) }], err_no: var__invalid_assignment }
SyntaxError { message: "Invalid assignment: cannot assign 'STRING' to 'UDINT'", range: [SourceLocation { span: Range(TextLocation { line: 41, column: 4, offset: 876 }..TextLocation { line: 41, column: 30, offset: 902 }) }], err_no: var__invalid_assignment }
SyntaxError { message: "Invalid assignment: cannot assign 'STRING' to 'UDINT'", range: [SourceLocation { span: Range(TextLocation { line: 42, column: 4, offset: 919 }..TextLocation { line: 42, column: 23, offset: 938 }) }], err_no: var__invalid_assignment }
SyntaxError { message: "Invalid assignment: cannot assign 'CHAR' to 'UDINT'", range: [SourceLocation { span: Range(TextLocation { line: 43, column: 4, offset: 955 }..TextLocation { line: 43, column: 21, offset: 972 }) }], err_no: var__invalid_assignment }
SyntaxError { message: "Invalid assignment: cannot assign 'CHAR' to 'UDINT'", range: [SourceLocation { span: Range(TextLocation { line: 44, column: 4, offset: 989 }..TextLocation { line: 44, column: 23, offset: 1008 }) }], err_no: var__invalid_assignment }
SyntaxError { message: "Invalid assignment: cannot assign 'STRING' to 'UDINT'", range: [SourceLocation { span: Range(TextLocation { line: 48, column: 4, offset: 1130 }..TextLocation { line: 48, column: 28, offset: 1154 }) }], err_no: var__invalid_assignment }
SyntaxError { message: "Invalid assignment: cannot assign 'STRING' to 'UDINT'", range: [SourceLocation { span: Range(TextLocation { line: 50, column: 4, offset: 1211 }..TextLocation { line: 50, column: 32, offset: 1239 }) }], err_no: var__invalid_assignment }
SyntaxError { message: "Invalid assignment: cannot assign 'STRING' to 'DINT'", range: [SourceLocation { span: Range(TextLocation { line: 63, column: 4, offset: 1602 }..TextLocation { line: 63, column: 22, offset: 1620 }) }], err_no: var__invalid_assignment }
SyntaxError { message: "Invalid assignment: cannot assign 'STRING' to 'DINT'", range: [SourceLocation { span: Range(TextLocation { line: 64, column: 4, offset: 1637 }..TextLocation { line: 64, column: 29, offset: 1662 }) }], err_no: var__invalid_assignment }
SyntaxError { message: "Invalid assignment: cannot assign 'STRING' to 'DINT'", range: [SourceLocation { span: Range(TextLocation { line: 65, column: 4, offset: 1679 }..TextLocation { line: 65, column: 22, offset: 1697 }) }], err_no: var__invalid_assignment }
SyntaxError { message: "Invalid assignment: cannot assign 'CHAR' to 'DINT'", range: [SourceLocation { span: Range(TextLocation { line: 66, column: 4, offset: 1714 }..TextLocation { line: 66, column: 20, offset: 1730 }) }], err_no: var__invalid_assignment }
SyntaxError { message: "Invalid assignment: cannot assign 'CHAR' to 'DINT'", range: [SourceLocation { span: Range(TextLocation { line: 67, column: 4, offset: 1747 }..TextLocation { line: 67, column: 22, offset: 1765 }) }], err_no: var__invalid_assignment }
SyntaxError { message: "Invalid assignment: cannot assign 'STRING' to 'DINT'", range: [SourceLocation { span: Range(TextLocation { line: 71, column: 4, offset: 1884 }..TextLocation { line: 71, column: 27, offset: 1907 }) }], err_no: var__invalid_assignment }
SyntaxError { message: "Invalid assignment: cannot assign 'STRING' to 'DINT'", range: [SourceLocation { span: Range(TextLocation { line: 73, column: 4, offset: 1963 }..TextLocation { line: 73, column: 31, offset: 1990 }) }], err_no: var__invalid_assignment }

