---
source: src/validation/tests/generic_validation_tests.rs
expression: make_readable(&diagnostics)
---
SyntaxError { message: "Invalid type nature for generic argument. BYTE is no Magnitude.", range: [SourceRange { range: 481..489 }], err_no: type__invalid_nature }
SyntaxError { message: "Invalid assignment: cannot assign 'STRING' to 'TIME'", range: [SourceRange { range: 491..498 }], err_no: var__invalid_assignment }
SyntaxError { message: "Invalid type nature for generic argument. STRING is no Magnitude.", range: [SourceRange { range: 491..498 }], err_no: type__invalid_nature }
SyntaxError { message: "Invalid assignment: cannot assign 'CHAR' to 'TIME'", range: [SourceRange { range: 500..508 }], err_no: var__invalid_assignment }
SyntaxError { message: "Invalid type nature for generic argument. CHAR is no Magnitude.", range: [SourceRange { range: 500..508 }], err_no: type__invalid_nature }
SyntaxError { message: "Invalid type nature for generic argument. DATE is no Magnitude.", range: [SourceRange { range: 510..518 }], err_no: type__invalid_nature }

