---
source: src/validation/tests/statement_validation_tests.rs
expression: res
---
SyntaxError { message: "Invalid case condition!", range: [SourceRange { range: 120..126 }], err_no: case__case_condition_outside_case_statement }
SyntaxError { message: "Invalid case condition: 'Cannot resolve constant: CallStatement {\n    operator: Reference {\n        name: \"foo\",\n    },\n    parameters: None,\n}' must be constant", range: [SourceRange { range: 120..126 }], err_no: type__invalid_type }
SyntaxError { message: "Invalid case condition!", range: [SourceRange { range: 146..154 }], err_no: case__case_condition_outside_case_statement }

