---
source: src/validation/tests/generic_validation_tests.rs
expression: res
---
SyntaxError { message: "Invalid assignment: cannot assign 'STRING' to 'DATE'", range: [SourceLocation { span: Range(481..488) }], err_no: var__invalid_assignment }
SyntaxError { message: "Invalid assignment: cannot assign 'CHAR' to 'DATE'", range: [SourceLocation { span: Range(490..498) }], err_no: var__invalid_assignment }

