---
source: src/validation/tests/statement_validation_tests.rs
expression: "&diagnostics"
---
error: Expression is not assignable
   ┌─ <internal>:12:13
   │
12 │             1 := 1;
   │             ^ Expression is not assignable

error: Expression is not assignable
   ┌─ <internal>:13:13
   │
13 │             1 := i;
   │             ^ Expression is not assignable

error: Expression is not assignable
   ┌─ <internal>:14:18
   │
14 │             func(1 := 1);
   │                  ^ Expression is not assignable


