---
source: src/validation/tests/generic_validation_tests.rs
expression: make_readable(&diagnostics)
---
ImprovementSuggestion { message: "Potential loss of information due to assigning 'DATE_AND_TIME' to variable of type 'BOOL'.", range: [SourceRange { range: 135..136 }] }
SyntaxError { message: "Invalid type nature for generic argument. DATE_AND_TIME is no Bit.", range: [SourceRange { range: 135..136 }], err_no: type__invalid_nature }
ImprovementSuggestion { message: "Potential loss of information due to assigning 'DATE_AND_TIME' to variable of type 'BOOL'.", range: [SourceRange { range: 202..203 }] }
SyntaxError { message: "Invalid type nature for generic argument. DATE_AND_TIME is no Bit.", range: [SourceRange { range: 202..203 }], err_no: type__invalid_nature }
ImprovementSuggestion { message: "Potential loss of information due to assigning 'DATE' to variable of type 'BOOL'.", range: [SourceRange { range: 270..271 }] }
SyntaxError { message: "Invalid type nature for generic argument. DATE is no Bit.", range: [SourceRange { range: 270..271 }], err_no: type__invalid_nature }
ImprovementSuggestion { message: "Potential loss of information due to assigning 'TIME_OF_DAY' to variable of type 'BOOL'.", range: [SourceRange { range: 337..338 }] }
SyntaxError { message: "Invalid type nature for generic argument. TIME_OF_DAY is no Bit.", range: [SourceRange { range: 337..338 }], err_no: type__invalid_nature }
ImprovementSuggestion { message: "Potential loss of information due to assigning 'TIME_OF_DAY' to variable of type 'BOOL'.", range: [SourceRange { range: 405..406 }] }
SyntaxError { message: "Invalid type nature for generic argument. TIME_OF_DAY is no Bit.", range: [SourceRange { range: 405..406 }], err_no: type__invalid_nature }

