---
source: src/validation/tests/generic_validation_tests.rs
expression: res
---
SyntaxError { message: "Invalid assignment: cannot assign 'REAL' to 'STRING'", range: [SourceLocation { span: Range(TextLocation { line: 14, column: 13, offset: 431 }..TextLocation { line: 14, column: 21, offset: 439 }) }], err_no: var__invalid_assignment }
SyntaxError { message: "Invalid type nature for generic argument. REAL is no Chars.", range: [SourceLocation { span: Range(TextLocation { line: 14, column: 13, offset: 431 }..TextLocation { line: 14, column: 21, offset: 439 }) }], err_no: type__invalid_nature }
SyntaxError { message: "Invalid assignment: cannot assign 'UDINT' to 'STRING'", range: [SourceLocation { span: Range(TextLocation { line: 14, column: 23, offset: 441 }..TextLocation { line: 14, column: 35, offset: 453 }) }], err_no: var__invalid_assignment }
SyntaxError { message: "Invalid type nature for generic argument. UDINT is no Chars.", range: [SourceLocation { span: Range(TextLocation { line: 14, column: 23, offset: 441 }..TextLocation { line: 14, column: 35, offset: 453 }) }], err_no: type__invalid_nature }
SyntaxError { message: "Invalid assignment: cannot assign 'DINT' to 'STRING'", range: [SourceLocation { span: Range(TextLocation { line: 14, column: 37, offset: 455 }..TextLocation { line: 14, column: 47, offset: 465 }) }], err_no: var__invalid_assignment }
SyntaxError { message: "Invalid type nature for generic argument. DINT is no Chars.", range: [SourceLocation { span: Range(TextLocation { line: 14, column: 37, offset: 455 }..TextLocation { line: 14, column: 47, offset: 465 }) }], err_no: type__invalid_nature }
SyntaxError { message: "Invalid assignment: cannot assign 'TIME' to 'STRING'", range: [SourceLocation { span: Range(TextLocation { line: 14, column: 49, offset: 467 }..TextLocation { line: 14, column: 57, offset: 475 }) }], err_no: var__invalid_assignment }
SyntaxError { message: "Invalid type nature for generic argument. TIME is no Chars.", range: [SourceLocation { span: Range(TextLocation { line: 14, column: 49, offset: 467 }..TextLocation { line: 14, column: 57, offset: 475 }) }], err_no: type__invalid_nature }
SyntaxError { message: "Invalid assignment: cannot assign 'BYTE' to 'STRING'", range: [SourceLocation { span: Range(TextLocation { line: 14, column: 59, offset: 477 }..TextLocation { line: 14, column: 67, offset: 485 }) }], err_no: var__invalid_assignment }
SyntaxError { message: "Invalid type nature for generic argument. BYTE is no Chars.", range: [SourceLocation { span: Range(TextLocation { line: 14, column: 59, offset: 477 }..TextLocation { line: 14, column: 67, offset: 485 }) }], err_no: type__invalid_nature }
SyntaxError { message: "Invalid assignment: cannot assign 'CHAR' to 'STRING'", range: [SourceLocation { span: Range(TextLocation { line: 14, column: 78, offset: 496 }..TextLocation { line: 14, column: 86, offset: 504 }) }], err_no: var__invalid_assignment }
SyntaxError { message: "Invalid assignment: cannot assign 'DATE' to 'STRING'", range: [SourceLocation { span: Range(TextLocation { line: 14, column: 88, offset: 506 }..TextLocation { line: 14, column: 96, offset: 514 }) }], err_no: var__invalid_assignment }
SyntaxError { message: "Invalid type nature for generic argument. DATE is no Chars.", range: [SourceLocation { span: Range(TextLocation { line: 14, column: 88, offset: 506 }..TextLocation { line: 14, column: 96, offset: 514 }) }], err_no: type__invalid_nature }

