---
source: src/validation/tests/statement_validation_tests.rs
expression: "&diagnostics"
---
error[E079]: Invalid case condition!
   ┌─ <internal>:11:17
   │
11 │                 foo():
   │                 ^^^^^^ Invalid case condition!

error[E080]: Call-statement 'foo' in initializer is not constant.. Non constant variables are not supported in case conditions
   ┌─ <internal>:11:17
   │
11 │                 foo():
   │                 ^^^^^^ Call-statement 'foo' in initializer is not constant.. Non constant variables are not supported in case conditions

error[E079]: Invalid case condition!
   ┌─ <internal>:13:17
   │
13 │                 res := 2:
   │                 ^^^^^^^^ Invalid case condition!
