---
source: src/validation/tests/statement_validation_tests.rs
expression: res
---
SyntaxError { message: "Invalid assignment: expected reference", range: [SourceRange { range: 193..194 }], err_no: reference__expected }
SyntaxError { message: "Invalid assignment: expected reference", range: [SourceRange { range: 213..214 }], err_no: reference__expected }
SyntaxError { message: "Invalid assignment: expected reference", range: [SourceRange { range: 238..239 }], err_no: reference__expected }

