---
source: src/validation/tests/assignment_validation_tests.rs
expression: res
---
SyntaxError { message: "Invalid assignment: 'DINT' - '__main_arr'", range: [SourceRange { range: 435..438 }], err_no: var__invalid_assignment }
SyntaxError { message: "Invalid assignment: 'STRING' - '__main_arr'", range: [SourceRange { range: 440..443 }], err_no: var__invalid_assignment }

