---
source: src/validation/tests/generic_validation_tests.rs
expression: res
---
SyntaxError { message: "Invalid type nature for generic argument. DATE_AND_TIME is no Unsigned.", range: [SourceLocation { span: Range(TextLocation { line: 2, column: 55, offset: 140 }..TextLocation { line: 2, column: 56, offset: 141 }) }], err_no: type__invalid_nature }
SyntaxError { message: "Invalid type nature for generic argument. DATE_AND_TIME is no Unsigned.", range: [SourceLocation { span: Range(TextLocation { line: 3, column: 50, offset: 207 }..TextLocation { line: 3, column: 51, offset: 208 }) }], err_no: type__invalid_nature }
SyntaxError { message: "Invalid type nature for generic argument. DATE is no Unsigned.", range: [SourceLocation { span: Range(TextLocation { line: 4, column: 51, offset: 275 }..TextLocation { line: 4, column: 52, offset: 276 }) }], err_no: type__invalid_nature }
SyntaxError { message: "Invalid type nature for generic argument. TIME_OF_DAY is no Unsigned.", range: [SourceLocation { span: Range(TextLocation { line: 5, column: 50, offset: 342 }..TextLocation { line: 5, column: 51, offset: 343 }) }], err_no: type__invalid_nature }
SyntaxError { message: "Invalid type nature for generic argument. TIME_OF_DAY is no Unsigned.", range: [SourceLocation { span: Range(TextLocation { line: 6, column: 51, offset: 410 }..TextLocation { line: 6, column: 52, offset: 411 }) }], err_no: type__invalid_nature }

