---
source: src/validation/tests/recursive_validation_tests.rs
expression: res
---
SemanticError { message: "Recursive data structure `B -> C -> B` has infinite size", range: [SourceLocation { span: Range(TextLocation { line: 5, column: 17, offset: 102 }..TextLocation { line: 5, column: 18, offset: 103 }) }, SourceLocation { span: Range(TextLocation { line: 9, column: 17, offset: 186 }..TextLocation { line: 9, column: 18, offset: 187 }) }], err_no: pou__recursive_data_structure }

