---
source: src/validation/tests/statement_validation_tests.rs
expression: res
---
SyntaxError { message: "Value: 'AJK%&/231' exceeds length for type: CHAR", range: [SourceLocation { span: Range(124..140) }], err_no: syntax__generic_error }
SyntaxError { message: "Invalid assignment: cannot assign 'STRING' to 'CHAR'", range: [SourceLocation { span: Range(124..140) }], err_no: var__invalid_assignment }
SyntaxError { message: "Value: '898JKAN' exceeds length for type: WCHAR", range: [SourceLocation { span: Range(156..171) }], err_no: syntax__generic_error }
SyntaxError { message: "Invalid assignment: cannot assign 'WSTRING' to 'WCHAR'", range: [SourceLocation { span: Range(156..171) }], err_no: var__invalid_assignment }
SyntaxError { message: "Invalid assignment: cannot assign 'WCHAR' to 'CHAR'", range: [SourceLocation { span: Range(188..195) }], err_no: var__invalid_assignment }
SyntaxError { message: "Invalid assignment: cannot assign 'CHAR' to 'WCHAR'", range: [SourceLocation { span: Range(211..218) }], err_no: var__invalid_assignment }
SyntaxError { message: "Invalid assignment: cannot assign 'INT' to 'CHAR'", range: [SourceLocation { span: Range(247..253) }], err_no: var__invalid_assignment }
SyntaxError { message: "Invalid assignment: cannot assign 'DINT' to 'CHAR'", range: [SourceLocation { span: Range(269..276) }], err_no: var__invalid_assignment }
SyntaxError { message: "Invalid assignment: cannot assign 'STRING' to 'CHAR'", range: [SourceLocation { span: Range(308..314) }], err_no: var__invalid_assignment }
SyntaxError { message: "Invalid assignment: cannot assign 'STRING' to 'WCHAR'", range: [SourceLocation { span: Range(330..337) }], err_no: var__invalid_assignment }
SyntaxError { message: "Invalid assignment: cannot assign 'CHAR' to 'INT'", range: [SourceLocation { span: Range(354..360) }], err_no: var__invalid_assignment }
SyntaxError { message: "Invalid assignment: cannot assign 'CHAR' to 'STRING'", range: [SourceLocation { span: Range(376..382) }], err_no: var__invalid_assignment }

