---
source: src/validation/tests/generic_validation_tests.rs
expression: res
---
SyntaxError { message: "Invalid type nature for generic argument. USINT is no Duration.", range: [SourceLocation { span: Range(TextLocation { line: 3, column: 58, offset: 144 }..TextLocation { line: 3, column: 59, offset: 145 }) }], err_no: type__invalid_nature }
SyntaxError { message: "Invalid type nature for generic argument. UINT is no Duration.", range: [SourceLocation { span: Range(TextLocation { line: 4, column: 57, offset: 218 }..TextLocation { line: 4, column: 58, offset: 219 }) }], err_no: type__invalid_nature }
SyntaxError { message: "Invalid type nature for generic argument. UDINT is no Duration.", range: [SourceLocation { span: Range(TextLocation { line: 5, column: 58, offset: 293 }..TextLocation { line: 5, column: 59, offset: 294 }) }], err_no: type__invalid_nature }
SyntaxError { message: "Invalid type nature for generic argument. ULINT is no Duration.", range: [SourceLocation { span: Range(TextLocation { line: 6, column: 58, offset: 368 }..TextLocation { line: 6, column: 59, offset: 369 }) }], err_no: type__invalid_nature }
SyntaxError { message: "Invalid type nature for generic argument. SINT is no Duration.", range: [SourceLocation { span: Range(TextLocation { line: 8, column: 57, offset: 443 }..TextLocation { line: 8, column: 58, offset: 444 }) }], err_no: type__invalid_nature }
SyntaxError { message: "Invalid type nature for generic argument. INT is no Duration.", range: [SourceLocation { span: Range(TextLocation { line: 9, column: 56, offset: 516 }..TextLocation { line: 9, column: 57, offset: 517 }) }], err_no: type__invalid_nature }
SyntaxError { message: "Invalid type nature for generic argument. DINT is no Duration.", range: [SourceLocation { span: Range(TextLocation { line: 10, column: 57, offset: 590 }..TextLocation { line: 10, column: 58, offset: 591 }) }], err_no: type__invalid_nature }
SyntaxError { message: "Invalid type nature for generic argument. LINT is no Duration.", range: [SourceLocation { span: Range(TextLocation { line: 11, column: 57, offset: 664 }..TextLocation { line: 11, column: 58, offset: 665 }) }], err_no: type__invalid_nature }

