---
source: src/validation/tests/recursive_validation_tests.rs
expression: "&diagnostics"
---
error[E029]: Recursive data structure `C -> C` has infinite size
   ┌─ <internal>:10:18
   │
10 │             TYPE C : STRUCT
   │                  ^ Recursive data structure `C -> C` has infinite size

error[E029]: Recursive data structure `C -> E -> C` has infinite size
   ┌─ <internal>:10:18
   │
10 │             TYPE C : STRUCT
   │                  ^
   │                  │
   │                  Recursive data structure `C -> E -> C` has infinite size
   │                  see also
   ·
15 │             TYPE E : STRUCT
   │                  - see also
