---
source: src/validation/tests/generic_validation_tests.rs
expression: res
---
SyntaxError { message: "Invalid assignment: cannot assign 'DATE_AND_TIME' to 'STRING'", range: [SourceLocation { span: Range(138..139) }], err_no: var__invalid_assignment }
SyntaxError { message: "Invalid type nature for generic argument. DATE_AND_TIME is no String.", range: [SourceLocation { span: Range(138..139) }], err_no: type__invalid_nature }
SyntaxError { message: "Invalid assignment: cannot assign 'DATE_AND_TIME' to 'STRING'", range: [SourceLocation { span: Range(205..206) }], err_no: var__invalid_assignment }
SyntaxError { message: "Invalid type nature for generic argument. DATE_AND_TIME is no String.", range: [SourceLocation { span: Range(205..206) }], err_no: type__invalid_nature }
SyntaxError { message: "Invalid assignment: cannot assign 'DATE' to 'STRING'", range: [SourceLocation { span: Range(273..274) }], err_no: var__invalid_assignment }
SyntaxError { message: "Invalid type nature for generic argument. DATE is no String.", range: [SourceLocation { span: Range(273..274) }], err_no: type__invalid_nature }
SyntaxError { message: "Invalid assignment: cannot assign 'TIME_OF_DAY' to 'STRING'", range: [SourceLocation { span: Range(340..341) }], err_no: var__invalid_assignment }
SyntaxError { message: "Invalid type nature for generic argument. TIME_OF_DAY is no String.", range: [SourceLocation { span: Range(340..341) }], err_no: type__invalid_nature }
SyntaxError { message: "Invalid assignment: cannot assign 'TIME_OF_DAY' to 'STRING'", range: [SourceLocation { span: Range(408..409) }], err_no: var__invalid_assignment }
SyntaxError { message: "Invalid type nature for generic argument. TIME_OF_DAY is no String.", range: [SourceLocation { span: Range(408..409) }], err_no: type__invalid_nature }

