---
source: src/validation/tests/generic_validation_tests.rs
expression: make_readable(&diagnostics)
---
ImprovementSuggestion { message: "Potential loss of information due to assigning 'TIME' to variable of type 'REAL'.", range: [SourceRange { range: 138..139 }] }
SyntaxError { message: "Invalid type nature for generic argument. TIME is no Real.", range: [SourceRange { range: 138..139 }], err_no: type__invalid_nature }
ImprovementSuggestion { message: "Potential loss of information due to assigning 'TIME' to variable of type 'REAL'.", range: [SourceRange { range: 207..208 }] }
SyntaxError { message: "Invalid type nature for generic argument. TIME is no Real.", range: [SourceRange { range: 207..208 }], err_no: type__invalid_nature }

