---
source: src/validation/tests/statement_validation_tests.rs
expression: res
---
SyntaxError { message: "Missing inout parameter: inout1", range: [SourceLocation { span: Range(216..220) }], err_no: pou__missing_action_container }
SyntaxError { message: "Missing inout parameter: inout1", range: [SourceLocation { span: Range(258..262) }], err_no: pou__missing_action_container }
SyntaxError { message: "Missing inout parameter: inout1", range: [SourceLocation { span: Range(279..283) }], err_no: pou__missing_action_container }
SyntaxError { message: "Missing inout parameter: inout1", range: [SourceLocation { span: Range(294..298) }], err_no: pou__missing_action_container }

