---
source: src/validation/tests/generic_validation_tests.rs
expression: res
---
SyntaxError { message: "Invalid assignment: cannot assign 'BOOL' to 'STRING'", range: [SourceLocation { span: Range(TextLocation { line: 2, column: 57, offset: 140 }..TextLocation { line: 2, column: 58, offset: 141 }) }], err_no: var__invalid_assignment }
SyntaxError { message: "Invalid type nature for generic argument. BOOL is no String.", range: [SourceLocation { span: Range(TextLocation { line: 2, column: 57, offset: 140 }..TextLocation { line: 2, column: 58, offset: 141 }) }], err_no: type__invalid_nature }
SyntaxError { message: "Invalid assignment: cannot assign 'BYTE' to 'STRING'", range: [SourceLocation { span: Range(TextLocation { line: 3, column: 57, offset: 214 }..TextLocation { line: 3, column: 58, offset: 215 }) }], err_no: var__invalid_assignment }
SyntaxError { message: "Invalid type nature for generic argument. BYTE is no String.", range: [SourceLocation { span: Range(TextLocation { line: 3, column: 57, offset: 214 }..TextLocation { line: 3, column: 58, offset: 215 }) }], err_no: type__invalid_nature }
SyntaxError { message: "Invalid assignment: cannot assign 'WORD' to 'STRING'", range: [SourceLocation { span: Range(TextLocation { line: 4, column: 57, offset: 288 }..TextLocation { line: 4, column: 58, offset: 289 }) }], err_no: var__invalid_assignment }
SyntaxError { message: "Invalid type nature for generic argument. WORD is no String.", range: [SourceLocation { span: Range(TextLocation { line: 4, column: 57, offset: 288 }..TextLocation { line: 4, column: 58, offset: 289 }) }], err_no: type__invalid_nature }
SyntaxError { message: "Invalid assignment: cannot assign 'DWORD' to 'STRING'", range: [SourceLocation { span: Range(TextLocation { line: 5, column: 58, offset: 363 }..TextLocation { line: 5, column: 59, offset: 364 }) }], err_no: var__invalid_assignment }
SyntaxError { message: "Invalid type nature for generic argument. DWORD is no String.", range: [SourceLocation { span: Range(TextLocation { line: 5, column: 58, offset: 363 }..TextLocation { line: 5, column: 59, offset: 364 }) }], err_no: type__invalid_nature }
SyntaxError { message: "Invalid assignment: cannot assign 'LWORD' to 'STRING'", range: [SourceLocation { span: Range(TextLocation { line: 6, column: 58, offset: 438 }..TextLocation { line: 6, column: 59, offset: 439 }) }], err_no: var__invalid_assignment }
SyntaxError { message: "Invalid type nature for generic argument. LWORD is no String.", range: [SourceLocation { span: Range(TextLocation { line: 6, column: 58, offset: 438 }..TextLocation { line: 6, column: 59, offset: 439 }) }], err_no: type__invalid_nature }

