---
source: src/validation/tests/statement_validation_tests.rs
expression: res
---
SyntaxError { message: "Cannot mix implicit and explicit call parameters!", range: [SourceLocation { span: Range(TextLocation { line: 22, column: 34, offset: 501 }..TextLocation { line: 22, column: 38, offset: 505 }) }], err_no: call__invalid_parameter_type }
SyntaxError { message: "Cannot mix implicit and explicit call parameters!", range: [SourceLocation { span: Range(TextLocation { line: 22, column: 40, offset: 507 }..TextLocation { line: 22, column: 44, offset: 511 }) }], err_no: call__invalid_parameter_type }
SyntaxError { message: "Invalid assignment: cannot assign 'STRING' to 'DINT'", range: [SourceLocation { span: Range(TextLocation { line: 24, column: 17, offset: 576 }..TextLocation { line: 24, column: 31, offset: 590 }) }], err_no: var__invalid_assignment }
SyntaxError { message: "The type DINT 32 is too small to hold a Pointer", range: [SourceLocation { span: Range(TextLocation { line: 24, column: 33, offset: 592 }..TextLocation { line: 24, column: 47, offset: 606 }) }], err_no: type__incompatible_size }
SyntaxError { message: "Invalid assignment: cannot assign 'REF_TO WSTRING' to 'DINT'", range: [SourceLocation { span: Range(TextLocation { line: 24, column: 33, offset: 592 }..TextLocation { line: 24, column: 47, offset: 606 }) }], err_no: var__invalid_assignment }
SyntaxError { message: "Invalid assignment: cannot assign 'STRING' to 'DINT'", range: [SourceLocation { span: Range(TextLocation { line: 26, column: 17, offset: 767 }..TextLocation { line: 26, column: 21, offset: 771 }) }], err_no: var__invalid_assignment }
SyntaxError { message: "The type DINT 32 is too small to hold a Pointer", range: [SourceLocation { span: Range(TextLocation { line: 26, column: 23, offset: 773 }..TextLocation { line: 26, column: 27, offset: 777 }) }], err_no: type__incompatible_size }
SyntaxError { message: "Invalid assignment: cannot assign 'REF_TO WSTRING' to 'DINT'", range: [SourceLocation { span: Range(TextLocation { line: 26, column: 23, offset: 773 }..TextLocation { line: 26, column: 27, offset: 777 }) }], err_no: var__invalid_assignment }

