---
source: src/validation/tests/variable_validation_tests.rs
expression: res
---
SemanticError { message: "This arithmetic operation will overflow for SINT", range: [SourceRange { range: 108..121 }], err_no: var__overflow }
SemanticError { message: "This arithmetic operation will overflow for SINT", range: [SourceRange { range: 177..189 }], err_no: var__overflow }
SemanticError { message: "This arithmetic operation will overflow for USINT", range: [SourceRange { range: 262..273 }], err_no: var__overflow }
SemanticError { message: "This arithmetic operation will overflow for USINT", range: [SourceRange { range: 327..339 }], err_no: var__overflow }
SemanticError { message: "This arithmetic operation will overflow for INT", range: [SourceRange { range: 431..447 }], err_no: var__overflow }
SemanticError { message: "This arithmetic operation will overflow for INT", range: [SourceRange { range: 503..518 }], err_no: var__overflow }
SemanticError { message: "This arithmetic operation will overflow for UINT", range: [SourceRange { range: 575..586 }], err_no: var__overflow }
SemanticError { message: "This arithmetic operation will overflow for UINT", range: [SourceRange { range: 640..655 }], err_no: var__overflow }
SemanticError { message: "This arithmetic operation will overflow for DINT", range: [SourceRange { range: 748..771 }], err_no: var__overflow }
SemanticError { message: "This arithmetic operation will overflow for DINT", range: [SourceRange { range: 835..857 }], err_no: var__overflow }
SemanticError { message: "This arithmetic operation will overflow for UDINT", range: [SourceRange { range: 922..933 }], err_no: var__overflow }
SemanticError { message: "This arithmetic operation will overflow for UDINT", range: [SourceRange { range: 995..1017 }], err_no: var__overflow }
SemanticError { message: "This arithmetic operation will overflow for LINT", range: [SourceRange { range: 1102..1137 }], err_no: var__overflow }
SemanticError { message: "This arithmetic operation will overflow for LINT", range: [SourceRange { range: 1213..1247 }], err_no: var__overflow }
SemanticError { message: "This arithmetic operation will overflow for ULINT", range: [SourceRange { range: 1324..1335 }], err_no: var__overflow }
SemanticError { message: "This arithmetic operation will overflow for ULINT", range: [SourceRange { range: 1409..1444 }], err_no: var__overflow }
SemanticError { message: "This arithmetic operation will overflow for REAL", range: [SourceRange { range: 1538..1562 }], err_no: var__overflow }
SemanticError { message: "This arithmetic operation will overflow for REAL", range: [SourceRange { range: 1622..1645 }], err_no: var__overflow }
SemanticError { message: "This arithmetic operation will overflow for LREAL", range: [SourceRange { range: 1746..1779 }], err_no: var__overflow }
SemanticError { message: "This arithmetic operation will overflow for LREAL", range: [SourceRange { range: 1850..1882 }], err_no: var__overflow }

