---
source: src/validation/tests/array_validation_test.rs
expression: diagnostics
---
warning[E127]: Fewer initial values for array `partial` than expected. Expected 5, found 3.
  ┌─ <internal>:5:46
  │
5 │             partial : ARRAY[1..5] OF DINT := [1, 2, 3];
  │                                              ^^^^^^^^^ Fewer initial values for array `partial` than expected. Expected 5, found 3.

warning[E127]: Fewer initial values for array `one` than expected. Expected 5, found 1.
  ┌─ <internal>:6:46
  │
6 │             one     : ARRAY[1..5] OF DINT := [1];
  │                                              ^^^ Fewer initial values for array `one` than expected. Expected 5, found 1.
