---
source: src/validation/tests/generic_validation_tests.rs
expression: "&diagnostics"
---
error[E037]: Invalid assignment: cannot assign 'REAL' to 'STRING'
   ┌─ <internal>:15:14
   │
15 │         func(var_real, var_unsigned, var_signed, var_time, var_byte, var_str, var_char, var_date);
   │              ^^^^^^^^ Invalid assignment: cannot assign 'REAL' to 'STRING'

error[E062]: Invalid type nature for generic argument. REAL is no ANY_STRING
   ┌─ <internal>:15:14
   │
15 │         func(var_real, var_unsigned, var_signed, var_time, var_byte, var_str, var_char, var_date);
   │              ^^^^^^^^ Invalid type nature for generic argument. REAL is no ANY_STRING

error[E037]: Invalid assignment: cannot assign 'UDINT' to 'STRING'
   ┌─ <internal>:15:24
   │
15 │         func(var_real, var_unsigned, var_signed, var_time, var_byte, var_str, var_char, var_date);
   │                        ^^^^^^^^^^^^ Invalid assignment: cannot assign 'UDINT' to 'STRING'

error[E062]: Invalid type nature for generic argument. UDINT is no ANY_STRING
   ┌─ <internal>:15:24
   │
15 │         func(var_real, var_unsigned, var_signed, var_time, var_byte, var_str, var_char, var_date);
   │                        ^^^^^^^^^^^^ Invalid type nature for generic argument. UDINT is no ANY_STRING

error[E037]: Invalid assignment: cannot assign 'DINT' to 'STRING'
   ┌─ <internal>:15:38
   │
15 │         func(var_real, var_unsigned, var_signed, var_time, var_byte, var_str, var_char, var_date);
   │                                      ^^^^^^^^^^ Invalid assignment: cannot assign 'DINT' to 'STRING'

error[E062]: Invalid type nature for generic argument. DINT is no ANY_STRING
   ┌─ <internal>:15:38
   │
15 │         func(var_real, var_unsigned, var_signed, var_time, var_byte, var_str, var_char, var_date);
   │                                      ^^^^^^^^^^ Invalid type nature for generic argument. DINT is no ANY_STRING

error[E037]: Invalid assignment: cannot assign 'TIME' to 'STRING'
   ┌─ <internal>:15:50
   │
15 │         func(var_real, var_unsigned, var_signed, var_time, var_byte, var_str, var_char, var_date);
   │                                                  ^^^^^^^^ Invalid assignment: cannot assign 'TIME' to 'STRING'

error[E062]: Invalid type nature for generic argument. TIME is no ANY_STRING
   ┌─ <internal>:15:50
   │
15 │         func(var_real, var_unsigned, var_signed, var_time, var_byte, var_str, var_char, var_date);
   │                                                  ^^^^^^^^ Invalid type nature for generic argument. TIME is no ANY_STRING

error[E037]: Invalid assignment: cannot assign 'BYTE' to 'STRING'
   ┌─ <internal>:15:60
   │
15 │         func(var_real, var_unsigned, var_signed, var_time, var_byte, var_str, var_char, var_date);
   │                                                            ^^^^^^^^ Invalid assignment: cannot assign 'BYTE' to 'STRING'

error[E062]: Invalid type nature for generic argument. BYTE is no ANY_STRING
   ┌─ <internal>:15:60
   │
15 │         func(var_real, var_unsigned, var_signed, var_time, var_byte, var_str, var_char, var_date);
   │                                                            ^^^^^^^^ Invalid type nature for generic argument. BYTE is no ANY_STRING

error[E037]: Invalid assignment: cannot assign 'CHAR' to 'STRING'
   ┌─ <internal>:15:79
   │
15 │         func(var_real, var_unsigned, var_signed, var_time, var_byte, var_str, var_char, var_date);
   │                                                                               ^^^^^^^^ Invalid assignment: cannot assign 'CHAR' to 'STRING'

error[E062]: Invalid type nature for generic argument. CHAR is no ANY_STRING
   ┌─ <internal>:15:79
   │
15 │         func(var_real, var_unsigned, var_signed, var_time, var_byte, var_str, var_char, var_date);
   │                                                                               ^^^^^^^^ Invalid type nature for generic argument. CHAR is no ANY_STRING

error[E037]: Invalid assignment: cannot assign 'DATE' to 'STRING'
   ┌─ <internal>:15:89
   │
15 │         func(var_real, var_unsigned, var_signed, var_time, var_byte, var_str, var_char, var_date);
   │                                                                                         ^^^^^^^^ Invalid assignment: cannot assign 'DATE' to 'STRING'

error[E062]: Invalid type nature for generic argument. DATE is no ANY_STRING
   ┌─ <internal>:15:89
   │
15 │         func(var_real, var_unsigned, var_signed, var_time, var_byte, var_str, var_char, var_date);
   │                                                                                         ^^^^^^^^ Invalid type nature for generic argument. DATE is no ANY_STRING
