---
source: src/validation/tests/reference_resolve_tests.rs
expression: "&diagnostics"
---
error: Could not resolve reference to boo
  ┌─ <internal>:5:17
  │
5 │                 boo(c);
  │                 ^^^ Could not resolve reference to boo

error: Could not resolve reference to c
  ┌─ <internal>:5:21
  │
5 │                 boo(c);
  │                     ^ Could not resolve reference to c

error: Could not resolve reference to c
  ┌─ <internal>:7:26
  │
7 │                 foo(x := c);
  │                          ^ Could not resolve reference to c

error: Could not resolve reference to y
  ┌─ <internal>:8:21
  │
8 │                 foo(y := a);
  │                     ^ Could not resolve reference to y


