---
source: src/hardware_binding.rs
expression: config
---
[
    HardwareBinding {
        qualifed_name: ExpressionPath {
            names: [
                Name(
                    "a",
                ),
            ],
        },
        direction: Input,
        access_type: Template,
        address: [],
    },
    HardwareBinding {
        qualifed_name: ExpressionPath {
            names: [
                Name(
                    "b",
                ),
            ],
        },
        direction: Output,
        access_type: Word,
        address: [
            "2",
            "5",
        ],
    },
    HardwareBinding {
        qualifed_name: ExpressionPath {
            names: [
                Name(
                    "c",
                ),
            ],
        },
        direction: Output,
        access_type: Word,
        address: [
            "2",
            "5",
        ],
    },
    HardwareBinding {
        qualifed_name: ExpressionPath {
            names: [
                Name(
                    "d",
                ),
            ],
        },
        direction: Output,
        access_type: Template,
        address: [],
    },
    HardwareBinding {
        qualifed_name: ExpressionPath {
            names: [
                Name(
                    "x",
                ),
            ],
        },
        direction: Output,
        access_type: Template,
        address: [],
    },
    HardwareBinding {
        qualifed_name: ExpressionPath {
            names: [
                Name(
                    "y",
                ),
            ],
        },
        direction: Output,
        access_type: Word,
        address: [
            "1",
        ],
    },
    HardwareBinding {
        qualifed_name: ExpressionPath {
            names: [
                Name(
                    "z",
                ),
            ],
        },
        direction: Input,
        access_type: Word,
        address: [
            "1",
            "2",
        ],
    },
]
