---
source: src/codegen/tests/initialization_test/type_initializers.rs
expression: result.unwrap()
snapshot_kind: text
---
; ModuleID = '<internal>'
source_filename = "<internal>"
target datalayout = "e-m:e-p270:32:32-p271:32:32-p272:64:64-i64:64-f80:128-n8:16:32:64-S128"
target triple = "x86_64-pc-linux-gnu"

@a = unnamed_addr constant i16 7
@b = unnamed_addr constant i16 21
@c = unnamed_addr constant i32 2
@d = unnamed_addr constant i32 30
