---
source: src/codegen/tests/initialization_test/global_initializers.rs
expression: result
---
; ModuleID = '<internal>'
source_filename = "<internal>"

%MyFB = type { i16 }
%prg = type { %MyFB }

@x = global %MyFB { i16 77 }, section "var-$RUSTY$x:r1i16"
@__MyFB__init = unnamed_addr constant %MyFB { i16 77 }, section "var-$RUSTY$__MyFB__init:r1i16"
@prg_instance = global %prg { %MyFB { i16 77 } }, section "var-$RUSTY$prg_instance:r1r1i16"

define void @MyFB(%MyFB* %0) section "fn-$RUSTY$MyFB:v" {
entry:
  %x = getelementptr inbounds %MyFB, %MyFB* %0, i32 0, i32 0
  ret void
}

define void @prg(%prg* %0) section "fn-$RUSTY$prg:v" {
entry:
  %x = getelementptr inbounds %prg, %prg* %0, i32 0, i32 0
  ret void
}
; ModuleID = '__initializers'
source_filename = "__initializers"

%prg = type { %MyFB }
%MyFB = type { i16 }

@prg_instance = external global %prg, section "var-$RUSTY$prg_instance:r1r1i16"
@__MyFB__init = external global %MyFB, section "var-$RUSTY$__MyFB__init:r1i16"

define void @__init_prg(%prg* %0) section "fn-$RUSTY$__init_prg:v[pr1r1i16]" {
entry:
  %self = alloca %prg*, align 8
  store %prg* %0, %prg** %self, align 8
  %deref = load %prg*, %prg** %self, align 8
  %x = getelementptr inbounds %prg, %prg* %deref, i32 0, i32 0
  call void @__init_myfb(%MyFB* %x)
  ret void
}

declare void @prg(%prg*) section "fn-$RUSTY$prg:v"

declare void @MyFB(%MyFB*) section "fn-$RUSTY$MyFB:v"

define void @__init_myfb(%MyFB* %0) section "fn-$RUSTY$__init_myfb:v[pr1i16]" {
entry:
  %self = alloca %MyFB*, align 8
  store %MyFB* %0, %MyFB** %self, align 8
  ret void
}
; ModuleID = '__init___testproject'
source_filename = "__init___testproject"

%prg = type { %MyFB }
%MyFB = type { i16 }

@prg_instance = external global %prg, section "var-$RUSTY$prg_instance:r1r1i16"
@__MyFB__init = external global %MyFB, section "var-$RUSTY$__MyFB__init:r1i16"

define void @__init___testproject() section "fn-$RUSTY$__init___testproject:v" {
entry:
  call void @__init_prg(%prg* @prg_instance)
  ret void
}

declare void @__init_prg(%prg*) section "fn-$RUSTY$__init_prg:v[pr1r1i16]"

declare void @prg(%prg*) section "fn-$RUSTY$prg:v"

declare void @MyFB(%MyFB*) section "fn-$RUSTY$MyFB:v"
