---
source: src/codegen/tests/initialization_test/type_initializers.rs
expression: result
---
; ModuleID = 'main'
source_filename = "main"

%Point = type { i32, i32, i32 }

@x = global %Point { i32 1, i32 2, i32 3 }, section "var-x:v"
@__Point__init = unnamed_addr constant %Point { i32 0, i32 2, i32 3 }, section "var-__Point__init:v"
