---
source: src/codegen/tests/initialization_test/pou_initializers.rs
expression: result
---
; ModuleID = '<internal>'
source_filename = "<internal>"
target datalayout = "[filtered]"
target triple = "[filtered]"

@__func.arr_var__init = unnamed_addr constant [4 x i32] [i32 1, i32 2, i32 3, i32 4]

define i16 @func() {
entry:
  %func = alloca i16, align 2
  %arr_var = alloca [4 x i32], align 4
  call void @llvm.memcpy.p0.p0.i64(ptr align 1 %arr_var, ptr align 1 @__func.arr_var__init, i64 ptrtoint (ptr getelementptr ([4 x i32], ptr null, i32 1) to i64), i1 false)
  store i16 0, ptr %func, align 2
  %func_ret = load i16, ptr %func, align 2
  ret i16 %func_ret
}

; Function Attrs: nocallback nofree nounwind willreturn memory(argmem: readwrite)
declare void @llvm.memcpy.p0.p0.i64(ptr noalias writeonly captures(none), ptr noalias readonly captures(none), i64, i1 immarg) #0

attributes #0 = { nocallback nofree nounwind willreturn memory(argmem: readwrite) }
