---
source: src/codegen/tests/initialization_test/type_initializers.rs
expression: result.unwrap()
---
; ModuleID = 'main'
source_filename = "main"

%Point = type { i32, i32, i32 }

@x = unnamed_addr constant %Point { i32 1, i32 2, i32 3 }, section "var-x:r3i32i32i32"
@__Point__init = unnamed_addr constant %Point { i32 0, i32 2, i32 3 }, section "var-__Point__init:r3i32i32i32"
@empty = unnamed_addr constant %Point { i32 0, i32 2, i32 3 }, section "var-empty:r3i32i32i32"
