---
source: src/codegen/tests/initialization_test/type_initializers.rs
expression: result
snapshot_kind: text
---
; ModuleID = '<internal>'
source_filename = "<internal>"
target datalayout = "e-m:e-p270:32:32-p271:32:32-p272:64:64-i64:64-f80:128-n8:16:32:64-S128"
target triple = "x86_64-pc-linux-gnu"

@a = global [4 x i8] c"\07\07\07\07"
@b = global [4 x i8] c"\02\07\07\03"
@c = global [10 x i8] c"\00\01\00\01\00\01\00\01\00\01"
@d = global [10 x i8] c"\00\00\01\01\02\00\00\01\01\02"
