---
source: src/codegen/tests/initialization_test/type_initializers.rs
expression: result.unwrap()
---
; ModuleID = '<internal>'
source_filename = "<internal>"
target datalayout = "[filtered]"
target triple = "[filtered]"

@a = unnamed_addr constant i16 7
@b = unnamed_addr constant i16 21
@c = unnamed_addr constant i32 2
@d = unnamed_addr constant i32 30
