---
source: src/codegen/tests/initialization_test/type_initializers.rs
expression: result
---
; ModuleID = 'main'
source_filename = "main"

%MyStruct = type { i32, i32, i32 }

@a = global %MyStruct { i32 5, i32 0, i32 10 }, section "var-$RUSTY$a:r3i32i32i32"
@__MyStruct__init = unnamed_addr constant %MyStruct zeroinitializer, section "var-$RUSTY$__MyStruct__init:r3i32i32i32"
@b = global %MyStruct { i32 0, i32 3, i32 10 }, section "var-$RUSTY$b:r3i32i32i32"
