---
source: src/codegen/tests/initialization_test/pou_initializers.rs
expression: result
snapshot_kind: text
---
; ModuleID = '<internal>'
source_filename = "<internal>"
target datalayout = "e-m:e-p270:32:32-p271:32:32-p272:64:64-i64:64-f80:128-n8:16:32:64-S128"
target triple = "x86_64-pc-linux-gnu"

%prog = type { %__prog_a }
%__prog_a = type { i16 }

@prog_instance = global %prog zeroinitializer
@____prog_a__init = unnamed_addr constant %__prog_a zeroinitializer

define void @prog(%prog* %0) {
entry:
  %a = getelementptr inbounds %prog, %prog* %0, i32 0, i32 0
  ret void
}
