---
source: src/codegen/tests/initialization_test/pou_initializers.rs
expression: result
---
; ModuleID = 'main'
source_filename = "main"

%FB = type { i16, i16, i8, i8, float, float }
%main = type { %FB }

@__FB__init = unnamed_addr constant %FB { i16 7, i16 0, i8 1, i8 0, float 0x400921CAC0000000, float 0.000000e+00 }, section "var-$RUSTY$__FB__init:r6i16i16u8u8f32f32"
@main_instance = global %main { %FB { i16 7, i16 0, i8 1, i8 0, float 0x400921CAC0000000, float 0.000000e+00 } }, section "var-$RUSTY$main_instance:r1r6i16i16u8u8f32f32"

define void @FB(%FB* %0) section "fn-$RUSTY$FB:v" {
entry:
  %x = getelementptr inbounds %FB, %FB* %0, i32 0, i32 0
  %xx = getelementptr inbounds %FB, %FB* %0, i32 0, i32 1
  %y = getelementptr inbounds %FB, %FB* %0, i32 0, i32 2
  %yy = getelementptr inbounds %FB, %FB* %0, i32 0, i32 3
  %z = getelementptr inbounds %FB, %FB* %0, i32 0, i32 4
  %zz = getelementptr inbounds %FB, %FB* %0, i32 0, i32 5
  ret void
}

define void @main(%main* %0) section "fn-$RUSTY$main:v" {
entry:
  %fb = getelementptr inbounds %main, %main* %0, i32 0, i32 0
  ret void
}

define void @__init_fb(%FB* %0) section "fn-$RUSTY$__init_fb:v[pr6i16i16u8u8f32f32]" {
entry:
  %self = alloca %FB*, align 8
  store %FB* %0, %FB** %self, align 8
  ret void
}

define void @__init_main(%main* %0) section "fn-$RUSTY$__init_main:v[pr1r6i16i16u8u8f32f32]" {
entry:
  %self = alloca %main*, align 8
  store %main* %0, %main** %self, align 8
  %deref = load %main*, %main** %self, align 8
  %fb = getelementptr inbounds %main, %main* %deref, i32 0, i32 0
  call void @__init_fb(%FB* %fb)
  ret void
}

define void @__init() section "fn-$RUSTY$__init:v" {
entry:
  call void @__init_main(%main* @main_instance)
  ret void
}
