---
source: src/codegen/tests/initialization_test/type_initializers.rs
expression: result
---
; ModuleID = 'main'
source_filename = "main"

%MyStruct = type { i32, i32 }

@a = global %MyStruct { i32 3, i32 5 }, section "var-a:r2i32i32"
@__MyStruct__init = unnamed_addr constant %MyStruct zeroinitializer, section "var-__MyStruct__init:r2i32i32"
@b = global %MyStruct { i32 5, i32 3 }, section "var-b:r2i32i32"
