---
source: src/codegen/tests/initialization_test/pou_initializers.rs
expression: result
---
; ModuleID = 'main'
source_filename = "main"

@__func.arr_var__init = unnamed_addr constant [4 x i32] [i32 1, i32 2, i32 3, i32 4]

define i16 @func() section "fn-$RUSTY$func:i16" {
entry:
  %func = alloca i16, align 2
  %arr_var = alloca [4 x i32], align 4
  %0 = bitcast [4 x i32]* %arr_var to i8*
  call void @llvm.memcpy.p0i8.p0i8.i64(i8* align 1 %0, i8* align 1 bitcast ([4 x i32]* @__func.arr_var__init to i8*), i64 ptrtoint ([4 x i32]* getelementptr ([4 x i32], [4 x i32]* null, i32 1) to i64), i1 false)
  store i16 0, i16* %func, align 2
  %func_ret = load i16, i16* %func, align 2
  ret i16 %func_ret
}

; Function Attrs: argmemonly nofree nounwind willreturn
declare void @llvm.memcpy.p0i8.p0i8.i64(i8* noalias nocapture writeonly, i8* noalias nocapture readonly, i64, i1 immarg) #0

attributes #0 = { argmemonly nofree nounwind willreturn }
