---
source: tests/integration/cfc.rs
expression: output_file_content_without_headers
---
target triple = "[filtered]"

define i32 @main() {
entry:
  %main = alloca i32, align [filtered]
  %x = alloca i8, align [filtered]
  %a = alloca i32, align [filtered]
  store i8 0, ptr %x, align [filtered]
  store i32 0, ptr %a, align [filtered]
  store i32 0, ptr %main, align [filtered]
  store i8 0, ptr %x, align [filtered]
  store i32 0, ptr %a, align [filtered]
  store i8 0, ptr %x, align [filtered]
  %load_x = load i8, ptr %x, align [filtered]
  br i8 %load_x, label %lbl, label %else_block

else_block:                                       ; preds = %entry
  store i32 2, ptr %a, align [filtered]
  br label %lbl

lbl:                                              ; preds = %else_block, %entry
  %load_a = load i32, ptr %a, align [filtered]
  %tmpVar = add i32 %load_a, 3
  store i32 %tmpVar, ptr %a, align [filtered]
  %load_a1 = load i32, ptr %a, align [filtered]
  store i32 %load_a1, ptr %main, align [filtered]
  %main_ret = load i32, ptr %main, align [filtered]
  ret i32 %main_ret
}
