---
source: src/codegen/tests/code_gen_tests.rs
expression: result
---
; ModuleID = '<internal>'
source_filename = "<internal>"
target datalayout = "[filtered]"
target triple = "[filtered]"

%Main = type { %OuterStruct }
%OuterStruct = type { %InnerStruct, %InnerStruct }
%InnerStruct = type { i16, i16 }

@Main_instance = global %Main zeroinitializer
@__OuterStruct__init = unnamed_addr constant %OuterStruct zeroinitializer
@__InnerStruct__init = unnamed_addr constant %InnerStruct zeroinitializer

define void @Main(ptr %0) {
entry:
  %m = getelementptr inbounds nuw %Main, ptr %0, i32 0, i32 0
  %out1 = getelementptr inbounds nuw %OuterStruct, ptr %m, i32 0, i32 0
  %inner1 = getelementptr inbounds nuw %InnerStruct, ptr %out1, i32 0, i32 0
  store i16 3, ptr %inner1, align 2
  %out2 = getelementptr inbounds nuw %OuterStruct, ptr %m, i32 0, i32 1
  %inner2 = getelementptr inbounds nuw %InnerStruct, ptr %out2, i32 0, i32 1
  store i16 7, ptr %inner2, align 2
  ret void
}
