---
source: src/codegen/tests/code_gen_tests.rs
expression: result
---
; ModuleID = '<internal>'
source_filename = "<internal>"

%foo = type { i16 }
%prg = type {}

@foo_instance = global %foo { i16 7 }
@prg_instance = global %prg zeroinitializer

define void @foo(%foo* %0) {
entry:
  %x = getelementptr inbounds %foo, %foo* %0, i32 0, i32 0
  %y = alloca i16, align 2
  %z = alloca i16, align 2
  store i16 0, i16* %y, align 2
  store i16 9, i16* %z, align 2
  %load_z = load i16, i16* %z, align 2
  %1 = sext i16 %load_z to i32
  %tmpVar = add i32 %1, 1
  %2 = trunc i32 %tmpVar to i16
  store i16 %2, i16* %y, align 2
  ret void
}

define void @prg(%prg* %0) {
entry:
  call void @foo(%foo* @foo_instance)
  ret void
}
; ModuleID = '__initializers'
source_filename = "__initializers"

%foo = type { i16 }
%prg = type {}

@foo_instance = external global %foo
@prg_instance = external global %prg

define void @__init_foo(%foo* %0) {
entry:
  %self = alloca %foo*, align 8
  store %foo* %0, %foo** %self, align 8
  ret void
}

declare void @foo(%foo*)

define void @__init_prg(%prg* %0) {
entry:
  %self = alloca %prg*, align 8
  store %prg* %0, %prg** %self, align 8
  ret void
}

declare void @prg(%prg*)
; ModuleID = '__init___testproject'
source_filename = "__init___testproject"

%foo = type { i16 }
%prg = type {}

@foo_instance = external global %foo
@prg_instance = external global %prg

define void @__init___testproject() {
entry:
  call void @__init_foo(%foo* @foo_instance)
  call void @__init_prg(%prg* @prg_instance)
  ret void
}

declare void @__init_foo(%foo*)

declare void @foo(%foo*)

declare void @__init_prg(%prg*)

declare void @prg(%prg*)
