---
source: src/codegen/tests/code_gen_tests.rs
expression: result
---
; ModuleID = '<internal>'
source_filename = "<internal>"
target datalayout = "[filtered]"
target triple = "[filtered]"

%MyClass = type {}

@__MyClass__init = unnamed_addr constant %MyClass zeroinitializer

define void @MyClass(ptr %0) {
entry:
  ret void
}

define i16 @MyClass__testMethod(ptr %0, i16 %1) {
entry:
  %MyClass.testMethod = alloca i16, align 2
  %myMethodArg = alloca i16, align 2
  store i16 %1, ptr %myMethodArg, align 2
  store i16 0, ptr %MyClass.testMethod, align 2
  store i16 1, ptr %MyClass.testMethod, align 2
  %MyClass__testMethod_ret = load i16, ptr %MyClass.testMethod, align 2
  ret i16 %MyClass__testMethod_ret
}
