---
source: src/codegen/tests/string_tests.rs
expression: result
---
; ModuleID = '<internal>'
source_filename = "<internal>"
target datalayout = "[filtered]"
target triple = "[filtered]"

%prg = type {}

@prg_instance = global %prg zeroinitializer
@__prg.z__init = unnamed_addr constant [31 x i8] c"xyz\00\00\00\00\00\00\00\00\00\00\00\00\00\00\00\00\00\00\00\00\00\00\00\00\00\00\00\00"

define void @prg(ptr %0) {
entry:
  %y = alloca [16 x i8], align 1
  %z = alloca [31 x i8], align 1
  call void @llvm.memset.p0.i64(ptr align 1 %y, i8 0, i64 ptrtoint (ptr getelementptr ([16 x i8], ptr null, i32 1) to i64), i1 false)
  call void @llvm.memcpy.p0.p0.i64(ptr align 1 %z, ptr align 1 @__prg.z__init, i64 ptrtoint (ptr getelementptr ([31 x i8], ptr null, i32 1) to i64), i1 false)
  ret void
}

; Function Attrs: nocallback nofree nounwind willreturn memory(argmem: write)
declare void @llvm.memset.p0.i64(ptr writeonly captures(none), i8, i64, i1 immarg) #0

; Function Attrs: nocallback nofree nounwind willreturn memory(argmem: readwrite)
declare void @llvm.memcpy.p0.p0.i64(ptr noalias writeonly captures(none), ptr noalias readonly captures(none), i64, i1 immarg) #1

attributes #0 = { nocallback nofree nounwind willreturn memory(argmem: write) }
attributes #1 = { nocallback nofree nounwind willreturn memory(argmem: readwrite) }
