---
source: src/codegen/tests/parameters_tests.rs
expression: result
---
; ModuleID = '<internal>'
source_filename = "<internal>"
target datalayout = "[filtered]"
target triple = "[filtered]"

%main = type { i32, i32, i32 }

@main_instance = global %main zeroinitializer

define i32 @foo(i32 %0, ptr %1, ptr %2) {
entry:
  %foo = alloca i32, align 4
  %input1 = alloca i32, align 4
  store i32 %0, ptr %input1, align 4
  %output1 = alloca ptr, align 8
  store ptr %1, ptr %output1, align 8
  %inout1 = alloca ptr, align 8
  store ptr %2, ptr %inout1, align 8
  store i32 0, ptr %foo, align 4
  %foo_ret = load i32, ptr %foo, align 4
  ret i32 %foo_ret
}

define void @main(ptr %0) {
entry:
  %var1 = getelementptr inbounds nuw %main, ptr %0, i32 0, i32 0
  %var2 = getelementptr inbounds nuw %main, ptr %0, i32 0, i32 1
  %var3 = getelementptr inbounds nuw %main, ptr %0, i32 0, i32 2
  %load_var1 = load i32, ptr %var1, align 4
  %1 = alloca i32, align 4
  %call = call i32 @foo(i32 %load_var1, ptr %1, ptr %var3)
  ret void
}
