---
source: src/codegen/tests/code_gen_tests.rs
assertion_line: 2350
expression: result

---
; ModuleID = 'main'
source_filename = "main"

%prg_interface = type { [6 x i16] }

@prg_instance = global %prg_interface zeroinitializer

define void @prg(%prg_interface* %0) {
entry:
  %x = getelementptr inbounds %prg_interface, %prg_interface* %0, i32 0, i32 0
  ret void
}

