---
source: src/codegen/tests/expression_tests.rs
expression: res
---
; ModuleID = '<internal>'
source_filename = "<internal>"
target datalayout = "[filtered]"
target triple = "[filtered]"

define i32 @main() {
entry:
  %main = alloca i32, align [filtered]
  %x1 = alloca float, align [filtered]
  %x2 = alloca float, align [filtered]
  %x3 = alloca float, align [filtered]
  %l1 = alloca i64, align [filtered]
  store float 0.000000e+00, ptr %x1, align [filtered]
  store float 0.000000e+00, ptr %x2, align [filtered]
  store float 0.000000e+00, ptr %x3, align [filtered]
  store i64 0, ptr %l1, align [filtered]
  store i32 0, ptr %main, align [filtered]
  %load_x1 = load float, ptr %x1, align [filtered]
  %load_x2 = load float, ptr %x2, align [filtered]
  %tmpVar = fadd float %load_x1, %load_x2
  %load_x3 = load float, ptr %x3, align [filtered]
  %tmpVar1 = fadd float %tmpVar, %load_x3
  %0 = fpext float %tmpVar1 to double
  %load_l1 = load i64, ptr %l1, align [filtered]
  %1 = sitofp i64 %load_l1 to double
  %tmpVar2 = fadd double %0, %1
  %main_ret = load i32, ptr %main, align [filtered]
  ret i32 %main_ret
}
