---
source: src/codegen/tests/expression_tests.rs
expression: result
---
; ModuleID = '<internal>'
source_filename = "<internal>"
target datalayout = "[filtered]"
target triple = "[filtered]"

define i16 @baz() {
entry:
  %baz = alloca i16, align [filtered]
  %ptr_x = alloca i16*, align [filtered]
  %y = alloca i64, align [filtered]
  store i16* null, i16** %ptr_x, align [filtered]
  store i64 0, i64* %y, align [filtered]
  store i16 0, i16* %baz, align [filtered]
  %load_y = load i64, i64* %y, align [filtered]
  %0 = inttoptr i64 %load_y to i16*
  store i16* %0, i16** %ptr_x, align [filtered]
  %baz_ret = load i16, i16* %baz, align [filtered]
  ret i16 %baz_ret
}
