---
source: src/codegen/tests/code_gen_tests.rs
expression: result

---
; ModuleID = 'main'
source_filename = "main"

@x = global i8 0
@y = global i16 0
@z = global i32 0
@red = global i8 0
@yellow = global i8 1
@green = global i8 2
@red.1 = global i16 0
@yellow.2 = global i16 1
@green.3 = global i16 2
@red.4 = global i32 0
@yellow.5 = global i32 1
@green.6 = global i32 2

