---
source: src/codegen/tests/expression_tests.rs
expression: result
---
; ModuleID = '<internal>'
source_filename = "<internal>"

%prg = type { i8, i8, i8 }

@prg_instance = global %prg zeroinitializer, section "var-$RUSTY$prg_instance:r3u8u8u8"

define void @prg(%prg* %0) section "fn-$RUSTY$prg:v" {
entry:
  %x = getelementptr inbounds %prg, %prg* %0, i32 0, i32 0
  %y = getelementptr inbounds %prg, %prg* %0, i32 0, i32 1
  %z = getelementptr inbounds %prg, %prg* %0, i32 0, i32 2
  store i8 0, i8* %x, align 1
  store i8 0, i8* %y, align 1
  store i8 0, i8* %z, align 1
  store i8 0, i8* %x, align 1
  store i8 0, i8* %y, align 1
  store i8 0, i8* %z, align 1
  ret void
}
; ModuleID = '__initializers'
source_filename = "__initializers"

%prg = type { i8, i8, i8 }

@prg_instance = external global %prg, section "var-$RUSTY$prg_instance:r3u8u8u8"

define void @__init_prg(%prg* %0) section "fn-$RUSTY$__init_prg:v[pr3u8u8u8]" {
entry:
  %self = alloca %prg*, align 8
  store %prg* %0, %prg** %self, align 8
  ret void
}

declare void @prg(%prg*) section "fn-$RUSTY$prg:v"
; ModuleID = '__init___testproject'
source_filename = "__init___testproject"

%prg = type { i8, i8, i8 }

@prg_instance = external global %prg, section "var-$RUSTY$prg_instance:r3u8u8u8"

define void @__init___testproject() section "fn-$RUSTY$__init___testproject:v" {
entry:
  call void @__init_prg(%prg* @prg_instance)
  ret void
}

declare void @__init_prg(%prg*) section "fn-$RUSTY$__init_prg:v[pr3u8u8u8]"

declare void @prg(%prg*) section "fn-$RUSTY$prg:v"
