---
source: src/codegen/tests/code_gen_tests.rs
expression: result

---
; ModuleID = 'main'
source_filename = "main"

%prg_interface = type { i1 }

@prg_instance = global %prg_interface zeroinitializer

define void @prg(%prg_interface* %0) {
entry:
  %x = getelementptr inbounds %prg_interface, %prg_interface* %0, i32 0, i32 0
  br label %condition_check

condition_check:                                  ; preds = %entry, %while_body
  %load_x = load i1, i1* %x, align 1
  br i1 %load_x, label %while_body, label %continue

while_body:                                       ; preds = %condition_check
  %load_x1 = load i1, i1* %x, align 1
  br label %condition_check

continue:                                         ; preds = %condition_check
  ret void
}

