---
source: src/codegen/tests/code_gen_tests.rs
assertion_line: 1515
expression: result

---
; ModuleID = 'main'
source_filename = "main"

%prg_interface = type { i32 }

@prg_instance = global %prg_interface zeroinitializer

define void @prg(%prg_interface* %0) {
entry:
  %x = getelementptr inbounds %prg_interface, %prg_interface* %0, i32 0, i32 0
  call void @prg.foo(%prg_interface* @prg_instance)
  ret void
}

define void @prg.foo(%prg_interface* %0) {
entry:
  %x = getelementptr inbounds %prg_interface, %prg_interface* %0, i32 0, i32 0
  store i32 2, i32* %x, align 4
  ret void
}

