---
source: src/codegen/tests/code_gen_tests.rs
expression: prg
---
; ModuleID = '<internal>'
source_filename = "<internal>"

%MyClass = type { i32*, i16, i16 }
%prg = type { %MyClass }

@__MyClass__init = unnamed_addr constant %MyClass zeroinitializer
@prg_instance = global %prg zeroinitializer

define void @MyClass(%MyClass* %0) {
entry:
  %__vtable = getelementptr inbounds %MyClass, %MyClass* %0, i32 0, i32 0
  %x = getelementptr inbounds %MyClass, %MyClass* %0, i32 0, i32 1
  %y = getelementptr inbounds %MyClass, %MyClass* %0, i32 0, i32 2
  ret void
}

define void @MyClass_testMethod(%MyClass* %0, i16 %1) {
entry:
  %__vtable = getelementptr inbounds %MyClass, %MyClass* %0, i32 0, i32 0
  %x = getelementptr inbounds %MyClass, %MyClass* %0, i32 0, i32 1
  %y = getelementptr inbounds %MyClass, %MyClass* %0, i32 0, i32 2
  %myMethodArg = alloca i16, align 2
  store i16 %1, i16* %myMethodArg, align 2
  %load_myMethodArg = load i16, i16* %myMethodArg, align 2
  store i16 %load_myMethodArg, i16* %x, align 2
  ret void
}

define void @prg(%prg* %0) {
entry:
  %cl = getelementptr inbounds %prg, %prg* %0, i32 0, i32 0
  call void @MyClass_testMethod(%MyClass* %cl, i16 3)
  ret void
}
