---
source: src/codegen/tests/code_gen_tests.rs
expression: result
---
; ModuleID = 'main'
source_filename = "main"

%prg = type { i32, i32, i32, i32 }

@prg_instance = global %prg zeroinitializer

define void @prg(%prg* %0) {
entry:
  %step = getelementptr inbounds %prg, %prg* %0, i32 0, i32 0
  %x = getelementptr inbounds %prg, %prg* %0, i32 0, i32 1
  %y = getelementptr inbounds %prg, %prg* %0, i32 0, i32 2
  %z = getelementptr inbounds %prg, %prg* %0, i32 0, i32 3
  %load_y = load i32, i32* %y, align 4
  store i32 %load_y, i32* %x, align 4
  br label %condition_check

condition_check:                                  ; preds = %increment, %entry
  %load_x = load i32, i32* %x, align 4
  %load_x1 = load i32, i32* %x, align 4
  %load_z = load i32, i32* %z, align 4
  %tmpVar = icmp sle i32 %load_x1, %load_z
  br i1 %tmpVar, label %1, label %2

for_body:                                         ; preds = %5
  %load_x11 = load i32, i32* %x, align 4
  br label %increment

increment:                                        ; preds = %for_body
  %load_step = load i32, i32* %step, align 4
  %tmpVar12 = add i32 %load_x, %load_step
  store i32 %tmpVar12, i32* %x, align 4
  br label %condition_check

continue:                                         ; preds = %5
  ret void

1:                                                ; preds = %condition_check
  %load_x2 = load i32, i32* %x, align 4
  %load_y3 = load i32, i32* %y, align 4
  %tmpVar4 = icmp sge i32 %load_x2, %load_y3
  br label %2

2:                                                ; preds = %1, %condition_check
  %3 = phi i1 [ %tmpVar, %condition_check ], [ %tmpVar4, %1 ]
  br i1 %3, label %5, label %4

4:                                                ; preds = %2
  %load_x5 = load i32, i32* %x, align 4
  %load_z6 = load i32, i32* %z, align 4
  %tmpVar7 = icmp sge i32 %load_x5, %load_z6
  br i1 %tmpVar7, label %7, label %8

5:                                                ; preds = %8, %2
  %6 = phi i1 [ %3, %2 ], [ %9, %8 ]
  br i1 %6, label %for_body, label %continue

7:                                                ; preds = %4
  %load_x8 = load i32, i32* %x, align 4
  %load_y9 = load i32, i32* %y, align 4
  %tmpVar10 = icmp sle i32 %load_x8, %load_y9
  br label %8

8:                                                ; preds = %7, %4
  %9 = phi i1 [ %tmpVar7, %4 ], [ %tmpVar10, %7 ]
  br label %5
}

