---
source: src/codegen/tests/code_gen_tests.rs
assertion_line: 1848
expression: result

---
; ModuleID = 'main'
source_filename = "main"

%prg_interface = type { i32 }
%foo_interface = type {}

@prg_instance = global %prg_interface zeroinitializer

define i32 @foo(%foo_interface* %0) {
entry:
  %foo = alloca i32, align 4
  store i32 0, i32* %foo, align 4
  store i32 1, i32* %foo, align 4
  %foo_ret = load i32, i32* %foo, align 4
  ret i32 %foo_ret
}

define void @prg(%prg_interface* %0) {
entry:
  %froo = getelementptr inbounds %prg_interface, %prg_interface* %0, i32 0, i32 0
  %foo_instance = alloca %foo_interface, align 8
  %call = call i32 @foo(%foo_interface* %foo_instance)
  store i32 %call, i32* %froo, align 4
  ret void
}

