---
source: src/codegen/tests/string_tests.rs
expression: result
---
; ModuleID = '<internal>'
source_filename = "<internal>"
target datalayout = "[filtered]"
target triple = "[filtered]"

%prg = type { [16 x i8], [31 x i8] }

@prg_instance = global %prg { [16 x i8] zeroinitializer, [31 x i8] c"xyz\00\00\00\00\00\00\00\00\00\00\00\00\00\00\00\00\00\00\00\00\00\00\00\00\00\00\00\00" }
@__prg.z__init = unnamed_addr constant [31 x i8] c"xyz\00\00\00\00\00\00\00\00\00\00\00\00\00\00\00\00\00\00\00\00\00\00\00\00\00\00\00\00"

define void @prg(ptr %0) {
entry:
  %y = getelementptr inbounds nuw %prg, ptr %0, i32 0, i32 0
  %z = getelementptr inbounds nuw %prg, ptr %0, i32 0, i32 1
  call void @llvm.memcpy.p0.p0.i32(ptr align 1 %y, ptr align 1 %z, i32 15, i1 false)
  call void @llvm.memcpy.p0.p0.i32(ptr align 1 %z, ptr align 1 %y, i32 16, i1 false)
  ret void
}

; Function Attrs: nocallback nofree nounwind willreturn memory(argmem: readwrite)
declare void @llvm.memcpy.p0.p0.i32(ptr noalias writeonly captures(none), ptr noalias readonly captures(none), i32, i1 immarg) #0

attributes #0 = { nocallback nofree nounwind willreturn memory(argmem: readwrite) }
