---
source: src/codegen/tests/code_gen_tests.rs
expression: result
---
; ModuleID = 'main'
source_filename = "main"

%prg = type { i32 }

@prg_instance = global %prg zeroinitializer, section "var-$RUSTY$prg_instance:r1i32"

define i32 @foo() {
entry:
  %foo = alloca i32, align 4
  store i32 0, i32* %foo, align 4
  store i32 1, i32* %foo, align 4
  %foo_ret = load i32, i32* %foo, align 4
  ret i32 %foo_ret
}

define void @prg(%prg* %0) {
entry:
  %froo = getelementptr inbounds %prg, %prg* %0, i32 0, i32 0
  %call = call i32 @foo()
  store i32 %call, i32* %froo, align 4
  ret void
}
