---
source: src/codegen/tests/code_gen_tests.rs
expression: result
snapshot_kind: text
---
; ModuleID = '<internal>'
source_filename = "<internal>"
target datalayout = "e-m:e-p270:32:32-p271:32:32-p272:64:64-i64:64-f80:128-n8:16:32:64-S128"
target triple = "x86_64-pc-linux-gnu"

%foo2 = type { i32*, i32 }
%foo = type { i32* }
%prg = type { i32 }

@foo2_instance = global %foo2 zeroinitializer
@foo_instance = global %foo zeroinitializer
@prg_instance = global %prg zeroinitializer

define void @foo2(%foo2* %0) {
entry:
  %inout = getelementptr inbounds %foo2, %foo2* %0, i32 0, i32 0
  %in = getelementptr inbounds %foo2, %foo2* %0, i32 0, i32 1
  ret void
}

define void @foo(%foo* %0) {
entry:
  %inout = getelementptr inbounds %foo, %foo* %0, i32 0, i32 0
  %deref = load i32*, i32** %inout, align 8
  store i32* %deref, i32** getelementptr inbounds (%foo2, %foo2* @foo2_instance, i32 0, i32 0), align 8
  %deref1 = load i32*, i32** %inout, align 8
  %load_inout = load i32, i32* %deref1, align 4
  store i32 %load_inout, i32* getelementptr inbounds (%foo2, %foo2* @foo2_instance, i32 0, i32 1), align 4
  call void @foo2(%foo2* @foo2_instance)
  ret void
}

define void @prg(%prg* %0) {
entry:
  %baz = getelementptr inbounds %prg, %prg* %0, i32 0, i32 0
  store i32* %baz, i32** getelementptr inbounds (%foo, %foo* @foo_instance, i32 0, i32 0), align 8
  call void @foo(%foo* @foo_instance)
  ret void
}
