---
source: src/codegen/tests/function_tests.rs
expression: result
---
; ModuleID = '<internal>'
source_filename = "<internal>"
target datalayout = "[filtered]"
target triple = "[filtered]"

%main = type { i32 }

@main_instance = global %main zeroinitializer

define i32 @func(i32 %0) {
entry:
  %func = alloca i32, align 4
  %x = alloca i32, align 4
  store i32 %0, ptr %x, align 4
  store i32 0, ptr %func, align 4
  %func_ret = load i32, ptr %func, align 4
  ret i32 %func_ret
}

define void @main(ptr %0) {
entry:
  %a = getelementptr inbounds nuw %main, ptr %0, i32 0, i32 0
  %load_a = load i32, ptr %a, align 4
  %call = call i32 @func(i32 %load_a)
  %call1 = call i32 @func(i32 1)
  %load_a2 = load i32, ptr %a, align 4
  %tmpVar = add i32 1, %load_a2
  %call3 = call i32 @func(i32 %tmpVar)
  ret void
}
