---
source: src/codegen/tests/code_gen_tests.rs
expression: result

---
; ModuleID = 'main'
source_filename = "main"

%main_interface = type {}

@gX = global i16 0
@gY = global i1 false
@gA = global i16 0
@main_instance = global %main_interface zeroinitializer

define void @main(%main_interface* %0) {
entry:
  ret void
}

