---
source: src/codegen/tests/multifile_codegen_tests.rs
expression: "codegen_multi(units, crate::DebugLevel::None).join(\"\\n\")"
snapshot_kind: text
---
; ModuleID = 'myEnum.st'
source_filename = "myEnum.st"
target datalayout = "e-m:e-p270:32:32-p271:32:32-p272:64:64-i64:64-f80:128-n8:16:32:64-S128"
target triple = "x86_64-pc-linux-gnu"

@myEnum.a = unnamed_addr constant i32 1
@myEnum.b = unnamed_addr constant i32 2
@myEnum.c = unnamed_addr constant i32 3

; ModuleID = 'fb.st'
source_filename = "fb.st"
target datalayout = "e-m:e-p270:32:32-p271:32:32-p272:64:64-i64:64-f80:128-n8:16:32:64-S128"
target triple = "x86_64-pc-linux-gnu"

%fb = type { i32 }

@__fb__init = unnamed_addr constant %fb zeroinitializer

define void @fb(%fb* %0) {
entry:
  %x = getelementptr inbounds %fb, %fb* %0, i32 0, i32 0
  ret void
}

; ModuleID = 'myStruct.st'
source_filename = "myStruct.st"
target datalayout = "e-m:e-p270:32:32-p271:32:32-p272:64:64-i64:64-f80:128-n8:16:32:64-S128"
target triple = "x86_64-pc-linux-gnu"

%myStruct = type { %fb.2 }
%fb.2 = type { i32 }

@__myStruct__init = unnamed_addr constant %myStruct zeroinitializer
@__fb__init = external global %fb.2

declare void @fb(%fb.2*)

; ModuleID = 'fb2.st'
source_filename = "fb2.st"
target datalayout = "e-m:e-p270:32:32-p271:32:32-p272:64:64-i64:64-f80:128-n8:16:32:64-S128"
target triple = "x86_64-pc-linux-gnu"

%fb2 = type { %myStruct.4 }
%myStruct.4 = type { %fb.5 }
%fb.5 = type { i32 }

@__fb2__init = unnamed_addr constant %fb2 zeroinitializer
@__myStruct__init = external global %myStruct.4
@__fb__init = external global %fb.5

define void @fb2(%fb2* %0) {
entry:
  %x = getelementptr inbounds %fb2, %fb2* %0, i32 0, i32 0
  ret void
}

declare void @fb(%fb.5*)

; ModuleID = 'fb3.st'
source_filename = "fb3.st"
target datalayout = "e-m:e-p270:32:32-p271:32:32-p272:64:64-i64:64-f80:128-n8:16:32:64-S128"
target triple = "x86_64-pc-linux-gnu"

%fb3 = type {}

@__fb3__init = unnamed_addr constant %fb3 zeroinitializer

define void @fb3(%fb3* %0) {
entry:
  ret void
}
