---
source: src/codegen/tests/code_gen_tests.rs
expression: result
---
; ModuleID = '<internal>'
source_filename = "<internal>"
target datalayout = "[filtered]"
target triple = "[filtered]"

%prg = type { i64 }

@prg_instance = global %prg zeroinitializer

define void @prg(ptr %0) {
entry:
  %y = getelementptr inbounds nuw %prg, ptr %0, i32 0, i32 0
  store i64 1000000, ptr %y, align 8
  store i64 1000, ptr %y, align 8
  store i64 100, ptr %y, align 8
  store i64 8640000001125000, ptr %y, align 8
  ret void
}
