---
source: src/codegen/tests/code_gen_tests.rs
expression: result
---
; ModuleID = '<internal>'
source_filename = "<internal>"
target datalayout = "[filtered]"
target triple = "[filtered]"

%prg = type { i32, i32 }

@prg_instance = global %prg zeroinitializer

define void @prg(ptr %0) {
entry:
  %x = getelementptr inbounds nuw %prg, ptr %0, i32 0, i32 0
  %y = getelementptr inbounds nuw %prg, ptr %0, i32 0, i32 1
  %load_x = load i32, ptr %x, align 4
  %load_y = load i32, ptr %y, align 4
  ret void
}
