---
source: src/codegen/tests/debug_tests.rs
expression: codegen
---
; ModuleID = 'main'
source_filename = "main"

@a = global [11 x i32] zeroinitializer, section "var-a:v", !dbg !0
@b = global [110 x i32] zeroinitializer, section "var-b:v", !dbg !7
@c = global [11 x [10 x i32]] zeroinitializer, section "var-c:v", !dbg !12

!llvm.module.flags = !{!17, !18}
!llvm.dbg.cu = !{!19}

!0 = !DIGlobalVariableExpression(var: !1, expr: !DIExpression())
!1 = distinct !DIGlobalVariable(name: "a", scope: !2, file: !2, line: 3, type: !3, isLocal: false, isDefinition: true)
!2 = !DIFile(filename: "main", directory: "src")
!3 = !DICompositeType(tag: DW_TAG_array_type, baseType: !4, size: 352, align: 64, elements: !5)
!4 = !DIBasicType(name: "DINT", size: 32, encoding: DW_ATE_signed, flags: DIFlagPublic)
!5 = !{!6}
!6 = !DISubrange(count: 11, lowerBound: 0)
!7 = !DIGlobalVariableExpression(var: !8, expr: !DIExpression())
!8 = distinct !DIGlobalVariable(name: "b", scope: !2, file: !2, line: 4, type: !9, isLocal: false, isDefinition: true)
!9 = !DICompositeType(tag: DW_TAG_array_type, baseType: !4, size: 3520, align: 64, elements: !10)
!10 = !{!6, !11}
!11 = !DISubrange(count: 10, lowerBound: 11)
!12 = !DIGlobalVariableExpression(var: !13, expr: !DIExpression())
!13 = distinct !DIGlobalVariable(name: "c", scope: !2, file: !2, line: 5, type: !14, isLocal: false, isDefinition: true)
!14 = !DICompositeType(tag: DW_TAG_array_type, baseType: !15, size: 3520, align: 64, elements: !5)
!15 = !DICompositeType(tag: DW_TAG_array_type, baseType: !4, size: 320, align: 64, elements: !16)
!16 = !{!11}
!17 = !{i32 2, !"Dwarf Version", i32 5}
!18 = !{i32 2, !"Debug Info Version", i32 3}
!19 = distinct !DICompileUnit(language: DW_LANG_C, file: !2, producer: "RuSTy Structured text Compiler", isOptimized: false, runtimeVersion: 0, emissionKind: FullDebug, globals: !20, splitDebugInlining: false)
!20 = !{!0, !7, !12}
