---
source: src/codegen/tests/code_gen_tests.rs
expression: result
---
; ModuleID = 'main'
source_filename = "main"

%MyClass = type {}
%MyClass.testMethod = type { i16 }

@__MyClass__init = unnamed_addr constant %MyClass zeroinitializer, section "var-__MyClass__init:v"

define void @MyClass(%MyClass* %0) section "fn-MyClass:v" {
entry:
  ret void
}

define i16 @MyClass.testMethod(%MyClass* %0, %MyClass.testMethod* %1) section "fn-MyClass.testMethod:i16[i16]" {
entry:
  %myMethodArg = getelementptr inbounds %MyClass.testMethod, %MyClass.testMethod* %1, i32 0, i32 0
  %testMethod = alloca i16, align 2
  store i16 0, i16* %testMethod, align 2
  store i16 1, i16* %testMethod, align 2
  %MyClass.testMethod_ret = load i16, i16* %testMethod, align 2
  ret i16 %MyClass.testMethod_ret
}
