---
source: src/codegen/tests/code_gen_tests.rs
expression: result
snapshot_kind: text
---
; ModuleID = '<internal>'
source_filename = "<internal>"

%fbWithConstant = type { i16, i16 }

@__fbWithConstant__init = unnamed_addr constant %fbWithConstant { i16 0, i16 2 }

define void @fbWithConstant(%fbWithConstant* %0) {
entry:
  %x = getelementptr inbounds %fbWithConstant, %fbWithConstant* %0, i32 0, i32 0
  %const = getelementptr inbounds %fbWithConstant, %fbWithConstant* %0, i32 0, i32 1
  store i16 2, i16* %x, align 2
  ret void
}
