---
source: src/codegen/tests/code_gen_tests.rs
assertion_line: 780
expression: result

---
; ModuleID = 'main'
source_filename = "main"

%prg_interface = type { i32, i8 }

@prg_instance = global %prg_interface zeroinitializer

define void @prg(%prg_interface* %0) {
entry:
  %x = getelementptr inbounds %prg_interface, %prg_interface* %0, i32 0, i32 0
  %b1 = getelementptr inbounds %prg_interface, %prg_interface* %0, i32 0, i32 1
  %load_x = load i32, i32* %x, align 4
  %tmpVar = icmp sgt i32 %load_x, 1
  br i1 %tmpVar, label %3, label %1

condition_body:                                   ; preds = %3
  %load_x1 = load i32, i32* %x, align 4
  br label %continue

continue:                                         ; preds = %condition_body, %3
  ret void

1:                                                ; preds = %entry
  %load_b1 = load i8, i8* %b1, align 1
  %2 = icmp ne i8 %load_b1, 0
  br label %3

3:                                                ; preds = %1, %entry
  %4 = phi i1 [ %tmpVar, %entry ], [ %2, %1 ]
  br i1 %4, label %condition_body, label %continue
}

