---
source: src/codegen/tests/function_tests.rs
expression: result
---
; ModuleID = '<internal>'
source_filename = "<internal>"
target datalayout = "[filtered]"
target triple = "[filtered]"

%main = type { [6 x i8] }

@main_instance = global %main zeroinitializer
@utf08_literal_0 = private unnamed_addr constant [6 x i8] c"12345\00"

define i32 @func(ptr %0) {
entry:
  %func = alloca i32, align 4
  %x = alloca ptr, align 8
  store ptr %0, ptr %x, align 8
  store i32 0, ptr %func, align 4
  %func_ret = load i32, ptr %func, align 4
  ret i32 %func_ret
}

define void @main(ptr %0) {
entry:
  %a = getelementptr inbounds nuw %main, ptr %0, i32 0, i32 0
  %call = call i32 @func(ptr %a)
  %call1 = call i32 @func(ptr @utf08_literal_0)
  ret void
}
