---
source: src/codegen/tests/directaccess_test.rs
expression: prog
snapshot_kind: text
---
; ModuleID = '<internal>'
source_filename = "<internal>"
target datalayout = "e-m:e-p270:32:32-p271:32:32-p272:64:64-i64:64-f80:128-n8:16:32:64-S128"
target triple = "x86_64-pc-linux-gnu"

define i16 @main() {
entry:
  %main = alloca i16, align 2
  %c = alloca i32, align 4
  store i32 0, i32* %c, align 4
  store i16 0, i16* %main, align 2
  %0 = load i32, i32* %c, align 4
  %erase = and i32 %0, -65536
  %or = or i32 %erase, 256
  store i32 %or, i32* %c, align 4
  %main_ret = load i16, i16* %main, align 2
  ret i16 %main_ret
}
