---
source: src/codegen/tests/expression_tests.rs
expression: result
---
; ModuleID = '<internal>'
source_filename = "<internal>"
target datalayout = "[filtered]"
target triple = "[filtered]"

%prg = type { float, float }

@prg_instance = global %prg zeroinitializer

define void @prg(ptr %0) {
entry:
  %a = getelementptr inbounds nuw %prg, ptr %0, i32 0, i32 0
  %b = getelementptr inbounds nuw %prg, ptr %0, i32 0, i32 1
  store float -2.000000e+00, ptr %b, align 4
  %load_b = load float, ptr %b, align 4
  %tmpVar = fneg float %load_b
  store float %tmpVar, ptr %a, align 4
  ret void
}
