---
source: src/codegen/tests/code_gen_tests.rs
expression: result
snapshot_kind: text
---
; ModuleID = '<internal>'
source_filename = "<internal>"

%main = type {}

@gX = global i16 0
@gY = global i8 0
@gA = global i16 0
@main_instance = global %main zeroinitializer

define void @main(%main* %0) {
entry:
  ret void
}
