---
source: src/codegen/tests/string_tests.rs
assertion_line: 255
expression: result

---
; ModuleID = 'main'
source_filename = "main"

%prg_interface = type { [11 x i8], [81 x i8] }
%foo_interface = type { [81 x i8] }

@prg_instance = global %prg_interface { [11 x i8] c"hello\00\00\00\00\00\00", [81 x i8] zeroinitializer }
@prg.s__init = unnamed_addr constant [11 x i8] c"hello\00\00\00\00\00\00"
@utf08_literal_0 = unnamed_addr constant [6 x i8] c"hello\00"

define i16 @foo(%foo_interface* %0) {
entry:
  %s = getelementptr inbounds %foo_interface, %foo_interface* %0, i32 0, i32 0
  %foo = alloca i16, align 2
  store i16 0, i16* %foo, align 2
  %foo_ret = load i16, i16* %foo, align 2
  ret i16 %foo_ret

buffer_block:                                     ; No predecessors!
  %foo_ret1 = load i16, i16* %foo, align 2
  ret i16 %foo_ret1
}

define void @prg(%prg_interface* %0) {
entry:
  %s = getelementptr inbounds %prg_interface, %prg_interface* %0, i32 0, i32 0
  %a = getelementptr inbounds %prg_interface, %prg_interface* %0, i32 0, i32 1
  %1 = bitcast [81 x i8]* %a to i8*
  %2 = bitcast [11 x i8]* %s to i8*
  call void @llvm.memcpy.p0i8.p0i8.i32(i8* align 1 %1, i8* align 1 %2, i32 11, i1 false)
  %3 = bitcast [81 x i8]* %a to i8*
  call void @llvm.memcpy.p0i8.p0i8.i32(i8* align 1 %3, i8* align 1 getelementptr inbounds ([6 x i8], [6 x i8]* @utf08_literal_0, i32 0, i32 0), i32 6, i1 false)
  %foo_instance = alloca %foo_interface, align 8
  %4 = getelementptr inbounds %foo_interface, %foo_interface* %foo_instance, i32 0, i32 0
  %5 = bitcast [81 x i8]* %4 to i8*
  %6 = bitcast [11 x i8]* %s to i8*
  call void @llvm.memcpy.p0i8.p0i8.i32(i8* align 1 %5, i8* align 1 %6, i32 11, i1 false)
  %call = call i16 @foo(%foo_interface* %foo_instance)
  %foo_instance1 = alloca %foo_interface, align 8
  %7 = getelementptr inbounds %foo_interface, %foo_interface* %foo_instance1, i32 0, i32 0
  %8 = bitcast [81 x i8]* %7 to i8*
  call void @llvm.memcpy.p0i8.p0i8.i32(i8* align 1 %8, i8* align 1 getelementptr inbounds ([6 x i8], [6 x i8]* @utf08_literal_0, i32 0, i32 0), i32 6, i1 false)
  %call2 = call i16 @foo(%foo_interface* %foo_instance1)
  ret void
}

; Function Attrs: argmemonly nofree nosync nounwind willreturn
declare void @llvm.memcpy.p0i8.p0i8.i32(i8* noalias nocapture writeonly, i8* noalias nocapture readonly, i32, i1 immarg) #0

attributes #0 = { argmemonly nofree nosync nounwind willreturn }

