---
source: src/codegen/tests/expression_tests.rs
expression: result
---
; ModuleID = 'main'
source_filename = "main"

define i16 @foo(i16 %0) {
entry:
  %foo = alloca i16, align 2
  %in = alloca i16, align 2
  store i16 %0, i16* %in, align 2
  store i16 0, i16* %foo, align 2
  %foo_ret = load i16, i16* %foo, align 2
  ret i16 %foo_ret
}

define i16 @baz() {
entry:
  %baz = alloca i16, align 2
  store i16 0, i16* %baz, align 2
  %call = call i16 @foo(i16 1)
  %baz_ret = load i16, i16* %baz, align 2
  ret i16 %baz_ret
}
