---
source: src/codegen/tests/debug_tests.rs
expression: codegen
---
; ModuleID = '<internal>'
source_filename = "<internal>"
target datalayout = "[filtered]"
target triple = "[filtered]"

%myStruct = type { i32, %myStruct2 }
%myStruct2 = type { i32, double }

@gStruct = global %myStruct zeroinitializer, !dbg !0
@llvm.global_ctors = appending global [1 x { i32, ptr, ptr }] [{ i32, ptr, ptr } { i32 65535, ptr @__unit___internal____ctor, ptr null }]

define void @myStruct__ctor(ptr %0) {
entry:
  %self = alloca ptr, align [filtered]
  store ptr %0, ptr %self, align [filtered]
  %deref = load ptr, ptr %self, align [filtered]
  %b = getelementptr inbounds nuw %myStruct, ptr %deref, i32 0, i32 1
  call void @myStruct2__ctor(ptr %b)
  ret void
}

define void @myStruct2__ctor(ptr %0) {
entry:
  %self = alloca ptr, align [filtered]
  store ptr %0, ptr %self, align [filtered]
  ret void
}

define void @__unit___internal____ctor() {
entry:
  call void @myStruct__ctor(ptr @gStruct)
  ret void
}

!llvm.module.flags = !{!13, !14}
!llvm.dbg.cu = !{!15}

!0 = !DIGlobalVariableExpression(var: !1, expr: !DIExpression())
!1 = distinct !DIGlobalVariable(name: "gStruct", scope: !2, file: !2, line: 15, type: !3, isLocal: false, isDefinition: true)
!2 = !DIFile(filename: "<internal>", directory: "")
!3 = !DICompositeType(tag: DW_TAG_structure_type, name: "myStruct", scope: !2, file: !2, line: 2, size: 192, align [filtered], flags: DIFlagPublic, elements: !4, identifier: "myStruct")
!4 = !{!5, !7}
!5 = !DIDerivedType(tag: DW_TAG_member, name: "a", scope: !2, file: !2, line: 3, baseType: !6, size: 32, align [filtered], flags: DIFlagPublic)
!6 = !DIBasicType(name: "DINT", size: 32, encoding: DW_ATE_signed, flags: DIFlagPublic)
!7 = !DIDerivedType(tag: DW_TAG_member, name: "b", scope: !2, file: !2, line: 4, baseType: !8, size: 128, align [filtered], offset: 64, flags: DIFlagPublic)
!8 = !DICompositeType(tag: DW_TAG_structure_type, name: "myStruct2", scope: !2, file: !2, line: 8, size: 128, align [filtered], flags: DIFlagPublic, elements: !9, identifier: "myStruct2")
!9 = !{!10, !11}
!10 = !DIDerivedType(tag: DW_TAG_member, name: "a", scope: !2, file: !2, line: 9, baseType: !6, size: 32, align [filtered], flags: DIFlagPublic)
!11 = !DIDerivedType(tag: DW_TAG_member, name: "b", scope: !2, file: !2, line: 10, baseType: !12, size: 64, align [filtered], offset: 64, flags: DIFlagPublic)
!12 = !DIBasicType(name: "LREAL", size: 64, encoding: DW_ATE_float, flags: DIFlagPublic)
!13 = !{i32 2, !"Dwarf Version", i32 5}
!14 = !{i32 2, !"Debug Info Version", i32 3}
!15 = distinct !DICompileUnit(language: DW_LANG_C, file: !2, producer: "RuSTy Structured text Compiler", isOptimized: false, runtimeVersion: 0, emissionKind: FullDebug, globals: !16, splitDebugInlining: false)
!16 = !{!0}
