---
source: src/codegen/tests/code_gen_tests.rs
expression: result

---
; ModuleID = 'main'
source_filename = "main"

%prg_interface = type { [3 x [2 x i16]] }

@__prg_x___init = addrspace(4) global [2 x i16] zeroinitializer
@__prg_x__init = addrspace(4) global [3 x [2 x i16]] zeroinitializer
@prg_instance = global %prg_interface zeroinitializer

define void @prg(%prg_interface* %0) {
entry:
  %x = getelementptr inbounds %prg_interface, %prg_interface* %0, i32 0, i32 0
  ret void
}

