---
source: src/codegen/tests/typesystem_test.rs
expression: result
---
; ModuleID = '<internal>'
source_filename = "<internal>"
target datalayout = "[filtered]"
target triple = "[filtered]"

%prg = type { i32, i64, i64 }

@prg_instance = global %prg zeroinitializer

define void @prg(ptr %0) {
entry:
  %b = getelementptr inbounds nuw %prg, ptr %0, i32 0, i32 0
  %c = getelementptr inbounds nuw %prg, ptr %0, i32 0, i32 1
  %x = getelementptr inbounds nuw %prg, ptr %0, i32 0, i32 2
  %load_b = load i32, ptr %b, align 4
  %1 = sext i32 %load_b to i64
  %load_c = load i64, ptr %c, align 8
  %tmpVar = add i64 %1, %load_c
  store i64 %tmpVar, ptr %x, align 8
  ret void
}
