---
source: src/codegen/tests/code_gen_tests.rs
expression: result
---
; ModuleID = 'main'
source_filename = "main"

%fbWithConstant = type { i16, i16 }

@__fbWithConstant__init = unnamed_addr constant %fbWithConstant { i16 0, i16 2 }, section "var-__fbWithConstant__init:v"

define void @fbWithConstant(%fbWithConstant* %0) section "fn-fbWithConstant:v" {
entry:
  %x = getelementptr inbounds %fbWithConstant, %fbWithConstant* %0, i32 0, i32 0
  %const = getelementptr inbounds %fbWithConstant, %fbWithConstant* %0, i32 0, i32 1
  store i16 2, i16* %x, align 2
  ret void
}
