---
source: src/codegen/tests/code_gen_tests.rs
expression: result
---
; ModuleID = '<internal>'
source_filename = "<internal>"
target datalayout = "[filtered]"
target triple = "[filtered]"

define i16 @foo() {
entry:
  %foo = alloca i16, align 2
  store i16 0, ptr %foo, align 2
  %foo_ret = load i16, ptr %foo, align 2
  ret i16 %foo_ret
}
