---
source: src/codegen/tests/code_gen_tests.rs
expression: result
---
; ModuleID = 'main'
source_filename = "main"

%prg = type { i8, i16, i32 }

@prg_instance = global %prg zeroinitializer
@red = unnamed_addr constant i8 5
@yellow = unnamed_addr constant i8 6
@green = unnamed_addr constant i8 7
@red.1 = unnamed_addr constant i16 15
@yellow.2 = unnamed_addr constant i16 16
@green.3 = unnamed_addr constant i16 17
@red.4 = unnamed_addr constant i32 25
@yellow.5 = unnamed_addr constant i32 26
@green.6 = unnamed_addr constant i32 27

define void @prg(%prg* %0) {
entry:
  %x = getelementptr inbounds %prg, %prg* %0, i32 0, i32 0
  %y = getelementptr inbounds %prg, %prg* %0, i32 0, i32 1
  %z = getelementptr inbounds %prg, %prg* %0, i32 0, i32 2
  store i8 6, i8* %x, align 1
  store i16 16, i16* %y, align 2
  store i32 26, i32* %z, align 4
  ret void
}

