---
source: src/codegen/tests/string_tests.rs
expression: result
---
; ModuleID = '<internal>'
source_filename = "<internal>"
target datalayout = "[filtered]"
target triple = "[filtered]"

%prog = type { [81 x i8], [81 x i16] }
%main = type { [7 x i8], [8 x i16] }

@prog_instance = global %prog zeroinitializer
@main_instance = global %main zeroinitializer
@utf08_literal_0 = private unnamed_addr constant [7 x i8] c"string\00"
@utf16_literal_0 = private unnamed_addr constant [8 x i16] [i16 119, i16 115, i16 116, i16 114, i16 105, i16 110, i16 103, i16 0]

define void @prog(ptr %0) {
entry:
  %output1 = getelementptr inbounds nuw %prog, ptr %0, i32 0, i32 0
  %output2 = getelementptr inbounds nuw %prog, ptr %0, i32 0, i32 1
  call void @llvm.memcpy.p0.p0.i32(ptr align 1 %output1, ptr align 1 @utf08_literal_0, i32 7, i1 false)
  call void @llvm.memcpy.p0.p0.i32(ptr align 2 %output2, ptr align 2 @utf16_literal_0, i32 16, i1 false)
  ret void
}

define void @main(ptr %0) {
entry:
  %x = getelementptr inbounds nuw %main, ptr %0, i32 0, i32 0
  %y = getelementptr inbounds nuw %main, ptr %0, i32 0, i32 1
  call void @prog(ptr @prog_instance)
  call void @llvm.memcpy.p0.p0.i32(ptr align 1 %x, ptr align 1 @prog_instance, i32 6, i1 false)
  call void @llvm.memcpy.p0.p0.i32(ptr align 2 %y, ptr align 2 getelementptr inbounds (%prog, ptr @prog_instance, i32 0, i32 1), i32 14, i1 false)
  ret void
}

; Function Attrs: nocallback nofree nounwind willreturn memory(argmem: readwrite)
declare void @llvm.memcpy.p0.p0.i32(ptr noalias writeonly captures(none), ptr noalias readonly captures(none), i32, i1 immarg) #0

attributes #0 = { nocallback nofree nounwind willreturn memory(argmem: readwrite) }
