---
source: src/codegen/tests/code_gen_tests.rs
expression: result
---
; ModuleID = '<internal>'
source_filename = "<internal>"
target datalayout = "[filtered]"
target triple = "[filtered]"

%foo = type {}
%prg = type {}

@foo_instance = global %foo zeroinitializer
@prg_instance = global %prg zeroinitializer

define void @foo(ptr %0) {
entry:
  ret void
}

define void @prg(ptr %0) {
entry:
  call void @foo(ptr @foo_instance)
  ret void
}
