---
source: src/codegen/tests/code_gen_tests.rs
expression: result
---
; ModuleID = 'main'
source_filename = "main"

%__global_x = type { i32, i32 }

@x = global %__global_x zeroinitializer, section "var-x:v"
@____global_x__init = unnamed_addr constant %__global_x zeroinitializer, section "var-____global_x__init:v"
