---
source: src/codegen/tests/code_gen_tests.rs
expression: result
---
; ModuleID = '<internal>'
source_filename = "<internal>"
target datalayout = "[filtered]"
target triple = "[filtered]"

%prg = type { i32 }

@prg_instance = global %prg zeroinitializer

define i32 @foo() {
entry:
  %foo = alloca i32, align 4
  store i32 0, ptr %foo, align 4
  store i32 1, ptr %foo, align 4
  %foo_ret = load i32, ptr %foo, align 4
  ret i32 %foo_ret
}

define void @prg(ptr %0) {
entry:
  %x = getelementptr inbounds nuw %prg, ptr %0, i32 0, i32 0
  %call = call i32 @foo()
  store i32 %call, ptr %x, align 4
  ret void
}
