---
source: src/codegen/tests/code_gen_tests.rs
expression: result
---
; ModuleID = 'main'
source_filename = "main"

%prg = type { i32 }

@prg_instance = global %prg zeroinitializer, section "var-prg_instance:v"

define void @prg(%prg* %0) section "fn-prg:v" {
entry:
  %x = getelementptr inbounds %prg, %prg* %0, i32 0, i32 0
  store i32 -1, i32* %x, align 4
  store i32 65535, i32* %x, align 4
  ret void
}
