---
source: src/codegen/tests/function_tests.rs
expression: result
---
; ModuleID = '<internal>'
source_filename = "<internal>"
target datalayout = "[filtered]"
target triple = "[filtered]"

%main = type {}

@main_instance = global %main zeroinitializer

define i32 @func(ptr %0, ptr %1, i16 %2, i32 %3) {
entry:
  %func = alloca i32, align 4
  %byRef1 = alloca ptr, align 8
  store ptr %0, ptr %byRef1, align 8
  %byRef2 = alloca ptr, align 8
  store ptr %1, ptr %byRef2, align 8
  %byVal1 = alloca i16, align 2
  store i16 %2, ptr %byVal1, align 2
  %byVal2 = alloca i32, align 4
  store i32 %3, ptr %byVal2, align 4
  store i32 0, ptr %func, align 4
  %deref = load ptr, ptr %byRef1, align 8
  %load_byRef1 = load i16, ptr %deref, align 2
  %4 = sext i16 %load_byRef1 to i32
  %deref1 = load ptr, ptr %byRef2, align 8
  %load_byRef2 = load i32, ptr %deref1, align 4
  %tmpVar = mul i32 %4, %load_byRef2
  %load_byVal1 = load i16, ptr %byVal1, align 2
  %5 = sext i16 %load_byVal1 to i32
  %tmpVar2 = mul i32 %tmpVar, %5
  %deref3 = load ptr, ptr %byRef2, align 8
  %load_byRef24 = load i32, ptr %deref3, align 4
  %tmpVar5 = mul i32 %tmpVar2, %load_byRef24
  store i32 %tmpVar5, ptr %func, align 4
  %func_ret = load i32, ptr %func, align 4
  ret i32 %func_ret
}

define void @main(ptr %0) {
entry:
  %1 = alloca i16, align 2
  store i16 1, ptr %1, align 2
  %2 = alloca i32, align 4
  store i32 2, ptr %2, align 4
  %call = call i32 @func(ptr %1, ptr %2, i16 3, i32 4)
  ret void
}
