---
source: src/codegen/tests/generics_test.rs
expression: codegen(src)
---
; ModuleID = 'main'
source_filename = "main"

define double @main() section "fn-$RUSTY$main:f64" {
entry:
  %main = alloca double, align 8
  store double 0.000000e+00, double* %main, align 8
  %0 = alloca [4 x double], align 8
  %1 = getelementptr inbounds [4 x double], [4 x double]* %0, i32 0, i32 0
  store double 5.000000e+00, double* %1, align 8
  %2 = getelementptr inbounds [4 x double], [4 x double]* %0, i32 0, i32 1
  store double 1.000000e+00, double* %2, align 8
  %3 = getelementptr inbounds [4 x double], [4 x double]* %0, i32 0, i32 2
  store double 1.500000e+00, double* %3, align 8
  %4 = getelementptr inbounds [4 x double], [4 x double]* %0, i32 0, i32 3
  store double 1.200000e+00, double* %4, align 8
  %5 = bitcast [4 x double]* %0 to double*
  %call = call double @MAX__LREAL(i32 4, double* %5)
  store double %call, double* %main, align 8
  %main_ret = load double, double* %main, align 8
  ret double %main_ret
}

declare double @MAX__LREAL(i32, double*) section "fn-$RUSTY$MAX__LREAL:f64"
