---
source: src/codegen/tests/string_tests.rs
expression: result
---
; ModuleID = '<internal>'
source_filename = "<internal>"
target datalayout = "[filtered]"
target triple = "[filtered]"

@__FSTRING_TO_DT.ignore__init = unnamed_addr constant [2 x i8] c"*\00"
@__FSTRING_TO_DT.fchar__init = unnamed_addr constant [2 x i8] c"#\00"
@utf08_literal_0 = private unnamed_addr constant [2 x i8] c"#\00"
@utf08_literal_1 = private unnamed_addr constant [2 x i8] c"*\00"

define i64 @FSTRING_TO_DT() {
entry:
  %FSTRING_TO_DT = alloca i64, align 8
  %ignore = alloca [2 x i8], align 1
  %fchar = alloca [2 x i8], align 1
  call void @llvm.memcpy.p0.p0.i64(ptr align 1 %ignore, ptr align 1 @__FSTRING_TO_DT.ignore__init, i64 ptrtoint (ptr getelementptr ([2 x i8], ptr null, i32 1) to i64), i1 false)
  call void @llvm.memcpy.p0.p0.i64(ptr align 1 %fchar, ptr align 1 @__FSTRING_TO_DT.fchar__init, i64 ptrtoint (ptr getelementptr ([2 x i8], ptr null, i32 1) to i64), i1 false)
  store i64 0, ptr %FSTRING_TO_DT, align 8
  call void @llvm.memcpy.p0.p0.i32(ptr align 1 %fchar, ptr align 1 @utf08_literal_0, i32 1, i1 false)
  call void @llvm.memcpy.p0.p0.i32(ptr align 1 %ignore, ptr align 1 @utf08_literal_1, i32 1, i1 false)
  %FSTRING_TO_DT_ret = load i64, ptr %FSTRING_TO_DT, align 8
  ret i64 %FSTRING_TO_DT_ret
}

; Function Attrs: nocallback nofree nounwind willreturn memory(argmem: readwrite)
declare void @llvm.memcpy.p0.p0.i64(ptr noalias writeonly captures(none), ptr noalias readonly captures(none), i64, i1 immarg) #0

; Function Attrs: nocallback nofree nounwind willreturn memory(argmem: readwrite)
declare void @llvm.memcpy.p0.p0.i32(ptr noalias writeonly captures(none), ptr noalias readonly captures(none), i32, i1 immarg) #0

attributes #0 = { nocallback nofree nounwind willreturn memory(argmem: readwrite) }
