---
source: src/codegen/tests/code_gen_tests.rs
expression: result
---
; ModuleID = 'main'
source_filename = "main"

%STRUCT_params = type { i8, i8, i8 }
%prog = type { %STRUCT_params*, %STRUCT_params* }
%main = type {}

@global1 = global %STRUCT_params zeroinitializer, section "var-$RUSTY$global1:r3u8u8u8"
@__STRUCT_params__init = unnamed_addr constant %STRUCT_params zeroinitializer, section "var-$RUSTY$__STRUCT_params__init:r3u8u8u8"
@global2 = global %STRUCT_params zeroinitializer, section "var-$RUSTY$global2:r3u8u8u8"
@global3 = global %STRUCT_params zeroinitializer, section "var-$RUSTY$global3:r3u8u8u8"
@global4 = global i32 0, section "var-$RUSTY$global4:i32"
@global5 = global [81 x i8] zeroinitializer, section "var-$RUSTY$global5:s8u81"
@global6 = global float 0.000000e+00, section "var-$RUSTY$global6:f32"
@prog_instance = global %prog zeroinitializer, section "var-$RUSTY$prog_instance:r2pr3u8u8u8pr3u8u8u8"
@main_instance = global %main zeroinitializer, section "var-$RUSTY$main_instance:r0"

define void @prog(%prog* %0) {
entry:
  %input1 = getelementptr inbounds %prog, %prog* %0, i32 0, i32 0
  %input2 = getelementptr inbounds %prog, %prog* %0, i32 0, i32 1
  ret void
}

define void @main(%main* %0) {
entry:
  store %STRUCT_params* @global1, %STRUCT_params** getelementptr inbounds (%prog, %prog* @prog_instance, i32 0, i32 0), align 8
  store %STRUCT_params* @global2, %STRUCT_params** getelementptr inbounds (%prog, %prog* @prog_instance, i32 0, i32 1), align 8
  call void @prog(%prog* @prog_instance)
  store %STRUCT_params* bitcast (i32* @global4 to %STRUCT_params*), %STRUCT_params** getelementptr inbounds (%prog, %prog* @prog_instance, i32 0, i32 0), align 8
  store %STRUCT_params* bitcast ([81 x i8]* @global5 to %STRUCT_params*), %STRUCT_params** getelementptr inbounds (%prog, %prog* @prog_instance, i32 0, i32 1), align 8
  call void @prog(%prog* @prog_instance)
  ret void
}
