---
source: src/codegen/tests/code_gen_tests.rs
expression: result
---
; ModuleID = '<internal>'
source_filename = "<internal>"
target datalayout = "[filtered]"
target triple = "[filtered]"

%foo = type { i16, i16 }
%prg = type { %foo }

@__foo__init = unnamed_addr constant %foo zeroinitializer
@prg_instance = global %prg zeroinitializer

define void @foo(ptr %0) {
entry:
  %this = alloca ptr, align 8
  store ptr %0, ptr %this, align 8
  %x = getelementptr inbounds nuw %foo, ptr %0, i32 0, i32 0
  %y = getelementptr inbounds nuw %foo, ptr %0, i32 0, i32 1
  ret void
}

define void @prg(ptr %0) {
entry:
  %fb_inst = getelementptr inbounds nuw %prg, ptr %0, i32 0, i32 0
  call void @foo(ptr %fb_inst)
  ret void
}
