---
source: src/codegen/tests/code_gen_tests.rs
expression: result
---
; ModuleID = 'main'
source_filename = "main"

%prg = type { [8 x i32] }

@prg_instance = global %prg zeroinitializer, section "var-$RUSTY$prg_instance:r1ai32"

define void @prg(%prg* %0) section "fn-$RUSTY$prg:v" {
entry:
  %x = getelementptr inbounds %prg, %prg* %0, i32 0, i32 0
  %tmpVar = getelementptr inbounds [8 x i32], [8 x i32]* %x, i32 0, i32 4
  store i32 3, i32* %tmpVar, align 4
  %tmpVar1 = getelementptr inbounds [8 x i32], [8 x i32]* %x, i32 0, i32 7
  %tmpVar2 = getelementptr inbounds [8 x i32], [8 x i32]* %x, i32 0, i32 3
  %load_tmpVar = load i32, i32* %tmpVar2, align 4
  %tmpVar3 = add i32 %load_tmpVar, 3
  store i32 %tmpVar3, i32* %tmpVar1, align 4
  ret void
}
