---
source: src/codegen/tests/code_gen_tests.rs
expression: prg
---
; ModuleID = '<internal>'
source_filename = "<internal>"

%fb = type {}

@__fb__init = unnamed_addr constant %fb zeroinitializer

define void @fb(%fb* %0) {
entry:
  %this = alloca %fb*, align 8
  store %fb* %0, %fb** %this, align 8
  %call = call i32 @fb_meth(%fb* %0, i32 5)
  %call1 = call i32 @fb_meth(%fb* %0, i32 4)
  ret void
}

define i32 @fb_meth(%fb* %0, i32 %1) {
entry:
  %this = alloca %fb*, align 8
  store %fb* %0, %fb** %this, align 8
  %fb.meth = alloca i32, align 4
  %a = alloca i32, align 4
  store i32 %1, i32* %a, align 4
  store i32 0, i32* %fb.meth, align 4
  %fb_meth_ret = load i32, i32* %fb.meth, align 4
  ret i32 %fb_meth_ret
}

define i32 @foo() {
entry:
  %foo = alloca i32, align 4
  store i32 0, i32* %foo, align 4
  %foo_ret = load i32, i32* %foo, align 4
  ret i32 %foo_ret
}
