---
source: src/codegen/tests/expression_tests.rs
expression: result
---
; ModuleID = 'main'
source_filename = "main"

%main = type {}

@main_instance = global %main zeroinitializer, section "var-main_instance:r0"

define i32 @foo(i32 %0) section "fn-foo:i32[i32]" {
entry:
  %foo = alloca i32, align 4
  %a = alloca i32, align 4
  store i32 %0, i32* %a, align 4
  store i32 0, i32* %foo, align 4
  %foo_ret = load i32, i32* %foo, align 4
  ret i32 %foo_ret
}

define void @main(%main* %0) section "fn-main:v" {
entry:
  %call = call i32 @foo(i32 2)
  %call1 = call i32 @foo(i32 %call)
  ret void
}
