---
source: src/codegen/tests/code_gen_tests.rs
expression: result
snapshot_kind: text
---
; ModuleID = '<internal>'
source_filename = "<internal>"
target datalayout = "e-m:e-p270:32:32-p271:32:32-p272:64:64-i64:64-f80:128-n8:16:32:64-S128"
target triple = "x86_64-pc-linux-gnu"

%bar = type { %fb }
%fb = type { i32 }

@bar_instance = global %bar zeroinitializer
@__fb__init = unnamed_addr constant %fb zeroinitializer

define void @bar(%bar* %0) {
entry:
  %fb_inst = getelementptr inbounds %bar, %bar* %0, i32 0, i32 0
  call void @fb_foo(%fb* %fb_inst)
  ret void
}

define void @fb(%fb* %0) {
entry:
  %x = getelementptr inbounds %fb, %fb* %0, i32 0, i32 0
  ret void
}

define void @fb_foo(%fb* %0) {
entry:
  %x = getelementptr inbounds %fb, %fb* %0, i32 0, i32 0
  store i32 2, i32* %x, align 4
  ret void
}
