---
source: src/codegen/tests/code_gen_tests.rs
expression: result
---
; ModuleID = '<internal>'
source_filename = "<internal>"
target datalayout = "[filtered]"
target triple = "[filtered]"

%bar = type { %fb }
%fb = type { i32 }

@bar_instance = global %bar zeroinitializer
@__fb__init = unnamed_addr constant %fb zeroinitializer

define void @bar(ptr %0) {
entry:
  %fb_inst = getelementptr inbounds nuw %bar, ptr %0, i32 0, i32 0
  call void @fb__foo(ptr %fb_inst)
  ret void
}

define void @fb(ptr %0) {
entry:
  %this = alloca ptr, align 8
  store ptr %0, ptr %this, align 8
  %x = getelementptr inbounds nuw %fb, ptr %0, i32 0, i32 0
  ret void
}

define void @fb__foo(ptr %0) {
entry:
  %this = alloca ptr, align 8
  store ptr %0, ptr %this, align 8
  %x = getelementptr inbounds nuw %fb, ptr %0, i32 0, i32 0
  store i32 2, ptr %x, align 4
  ret void
}
