---
source: src/codegen/tests/code_gen_tests.rs
expression: result
---
; ModuleID = 'main'
source_filename = "main"

%abcdef = type { i8 }

@__abcdef__init = unnamed_addr constant %abcdef zeroinitializer, section "var-__abcdef__init:v"

define void @abcdef(%abcdef* %0) section "fn-abcdef:v[i8]" {
entry:
  %n = getelementptr inbounds %abcdef, %abcdef* %0, i32 0, i32 0
  %load_n = load i8, i8* %n, align 1
  %1 = sext i8 %load_n to i32
  %tmpVar = icmp slt i32 %1, 10
  %2 = zext i1 %tmpVar to i8
  %3 = icmp ne i8 %2, 0
  br i1 %3, label %condition_body, label %continue

condition_body:                                   ; preds = %entry
  ret void

buffer_block:                                     ; No predecessors!
  br label %continue

continue:                                         ; preds = %buffer_block, %entry
  ret void
}
