---
source: src/codegen/tests/code_gen_tests.rs
expression: result
---
; ModuleID = '<internal>'
source_filename = "<internal>"
target datalayout = "[filtered]"
target triple = "[filtered]"

%main = type { i32 }

@main_instance = global %main zeroinitializer
@TrafficLight.White = unnamed_addr constant i32 0
@TrafficLight.Red = unnamed_addr constant i32 1
@TrafficLight.Yellow = unnamed_addr constant i32 2
@TrafficLight.Green = unnamed_addr constant i32 3

define void @main(ptr %0) {
entry:
  %tf1 = getelementptr inbounds nuw %main, ptr %0, i32 0, i32 0
  ret void
}
