---
source: src/codegen/tests/typesystem_test.rs
expression: result
---
; ModuleID = '<internal>'
source_filename = "<internal>"
target datalayout = "[filtered]"
target triple = "[filtered]"

%prg = type { i16, i16, float }

@prg_instance = global %prg zeroinitializer

define void @prg(ptr %0) {
entry:
  %a = getelementptr inbounds nuw %prg, ptr %0, i32 0, i32 0
  %b = getelementptr inbounds nuw %prg, ptr %0, i32 0, i32 1
  %c = getelementptr inbounds nuw %prg, ptr %0, i32 0, i32 2
  %load_a = load i16, ptr %a, align 2
  %1 = sitofp i16 %load_a to float
  store float %1, ptr %c, align 4
  %load_b = load i16, ptr %b, align 2
  %2 = uitofp i16 %load_b to float
  store float %2, ptr %c, align 4
  ret void
}
