---
source: src/codegen/tests/code_gen_tests.rs
expression: result
---
; ModuleID = '<internal>'
source_filename = "<internal>"
target datalayout = "[filtered]"
target triple = "[filtered]"

%main = type {}

@cT = unnamed_addr constant i64 1000000000
@cT_SHORT = unnamed_addr constant i64 1000000000
@cLT = unnamed_addr constant i64 1000000000000
@cLT_SHORT = unnamed_addr constant i64 1000000000000
@cD = unnamed_addr constant i64 0
@cD_SHORT = unnamed_addr constant i64 161308800000000000
@cLD = unnamed_addr constant i64 161308800000000000
@cLD_SHORT = unnamed_addr constant i64 161308800000000000
@cTOD = unnamed_addr constant i64 0
@cTOD_SHORT = unnamed_addr constant i64 0
@cLTOD = unnamed_addr constant i64 86399999999999
@cLTOD_SHORT = unnamed_addr constant i64 86399999999999
@cDT = unnamed_addr constant i64 172799000000000
@cDT_SHORT = unnamed_addr constant i64 172799000000000
@cLDT = unnamed_addr constant i64 172799123000000
@cLDT_SHORT = unnamed_addr constant i64 172799123000000
@main_instance = global %main zeroinitializer

define void @main(%main* %0) {
entry:
  %t1 = alloca i64, align [filtered]
  %t2 = alloca i64, align [filtered]
  %lt1 = alloca i64, align [filtered]
  %lt2 = alloca i64, align [filtered]
  %d1 = alloca i64, align [filtered]
  %d2 = alloca i64, align [filtered]
  %ld1 = alloca i64, align [filtered]
  %ld2 = alloca i64, align [filtered]
  %tod1 = alloca i64, align [filtered]
  %tod2 = alloca i64, align [filtered]
  %ltod1 = alloca i64, align [filtered]
  %ltod2 = alloca i64, align [filtered]
  %dt1 = alloca i64, align [filtered]
  %dt2 = alloca i64, align [filtered]
  %ldt1 = alloca i64, align [filtered]
  %ldt2 = alloca i64, align [filtered]
  store i64 0, i64* %t1, align [filtered]
  store i64 0, i64* %t2, align [filtered]
  store i64 0, i64* %lt1, align [filtered]
  store i64 0, i64* %lt2, align [filtered]
  store i64 0, i64* %d1, align [filtered]
  store i64 0, i64* %d2, align [filtered]
  store i64 0, i64* %ld1, align [filtered]
  store i64 0, i64* %ld2, align [filtered]
  store i64 0, i64* %tod1, align [filtered]
  store i64 0, i64* %tod2, align [filtered]
  store i64 0, i64* %ltod1, align [filtered]
  store i64 0, i64* %ltod2, align [filtered]
  store i64 0, i64* %dt1, align [filtered]
  store i64 0, i64* %dt2, align [filtered]
  store i64 0, i64* %ldt1, align [filtered]
  store i64 0, i64* %ldt2, align [filtered]
  store i64 1000000000, i64* %t1, align [filtered]
  store i64 1000000000, i64* %t2, align [filtered]
  store i64 1000000000000, i64* %lt1, align [filtered]
  store i64 1000000000000, i64* %lt2, align [filtered]
  store i64 0, i64* %d1, align [filtered]
  store i64 161308800000000000, i64* %d2, align [filtered]
  store i64 161308800000000000, i64* %ld1, align [filtered]
  store i64 161308800000000000, i64* %ld2, align [filtered]
  store i64 0, i64* %tod1, align [filtered]
  store i64 0, i64* %tod2, align [filtered]
  store i64 86399999999999, i64* %ltod1, align [filtered]
  store i64 86399999999999, i64* %ltod2, align [filtered]
  store i64 172799000000000, i64* %dt1, align [filtered]
  store i64 172799000000000, i64* %dt2, align [filtered]
  store i64 172799123000000, i64* %ldt1, align [filtered]
  store i64 172799123000000, i64* %ldt2, align [filtered]
  ret void
}
