---
source: src/codegen/tests/statement_codegen_test.rs
expression: result
---
; ModuleID = 'main'
source_filename = "main"

%prg = type { i8, i32, i32 }

@prg_instance = global %prg zeroinitializer, section "var-prg_instance:r3u8u32i32"

define void @prg(%prg* %0) section "fn-prg:v" {
entry:
  %a = getelementptr inbounds %prg, %prg* %0, i32 0, i32 0
  %x = getelementptr inbounds %prg, %prg* %0, i32 0, i32 1
  %y = getelementptr inbounds %prg, %prg* %0, i32 0, i32 2
  %load_x = load i32, i32* %x, align 4
  %shift = lshr i32 %load_x, 0
  %1 = trunc i32 %shift to i8
  store i8 %1, i8* %a, align 1
  %load_x1 = load i32, i32* %x, align 4
  %shift2 = lshr i32 %load_x1, 8
  %2 = trunc i32 %shift2 to i8
  store i8 %2, i8* %a, align 1
  %load_y = load i32, i32* %y, align 4
  %shift3 = ashr i32 %load_y, 24
  %3 = trunc i32 %shift3 to i8
  store i8 %3, i8* %a, align 1
  ret void
}
