---
source: src/codegen/tests/code_gen_tests.rs
expression: result
---
; ModuleID = 'main'
source_filename = "main"

%prg = type { i8 }

@prg_instance = global %prg zeroinitializer

define void @prg(%prg* %0) {
entry:
  %y = getelementptr inbounds %prg, %prg* %0, i32 0, i32 0
  store i1 true, i8* %y, align 1
  store i1 false, i8* %y, align 1
  ret void
}

