---
source: src/codegen/tests/code_gen_tests.rs
expression: result
---
; ModuleID = '<internal>'
source_filename = "<internal>"
target datalayout = "[filtered]"
target triple = "[filtered]"

%prg = type { i8, ptr, ptr }

@prg_instance = global %prg zeroinitializer

define void @prg(ptr %0) {
entry:
  %X = getelementptr inbounds nuw %prg, ptr %0, i32 0, i32 0
  %pX = getelementptr inbounds nuw %prg, ptr %0, i32 0, i32 1
  %rX = getelementptr inbounds nuw %prg, ptr %0, i32 0, i32 2
  store ptr null, ptr %pX, align 8
  store ptr null, ptr %rX, align 8
  store ptr %X, ptr %pX, align 8
  store ptr %X, ptr %rX, align 8
  %deref = load ptr, ptr %pX, align 8
  %load_tmpVar = load i8, ptr %deref, align 1
  store i8 %load_tmpVar, ptr %X, align 1
  %deref1 = load ptr, ptr %rX, align 8
  %load_tmpVar2 = load i8, ptr %deref1, align 1
  store i8 %load_tmpVar2, ptr %X, align 1
  %deref3 = load ptr, ptr %pX, align 8
  %load_X = load i8, ptr %X, align 1
  store i8 %load_X, ptr %deref3, align 1
  %deref4 = load ptr, ptr %rX, align 8
  %load_X5 = load i8, ptr %X, align 1
  store i8 %load_X5, ptr %deref4, align 1
  ret void
}
