---
source: src/codegen/tests/code_gen_tests.rs
expression: result

---
; ModuleID = 'main'
source_filename = "main"

%Main_interface = type { i16 }
%Check_XX_RangeSigned_interface = type { i16, i16, i16 }

@Main_instance = global %Main_interface zeroinitializer

define i16 @Check_XX_RangeSigned(%Check_XX_RangeSigned_interface* %0) {
entry:
  %value = getelementptr inbounds %Check_XX_RangeSigned_interface, %Check_XX_RangeSigned_interface* %0, i32 0, i32 0
  %lower = getelementptr inbounds %Check_XX_RangeSigned_interface, %Check_XX_RangeSigned_interface* %0, i32 0, i32 1
  %upper = getelementptr inbounds %Check_XX_RangeSigned_interface, %Check_XX_RangeSigned_interface* %0, i32 0, i32 2
  %Check_XX_RangeSigned = alloca i16, align 2
  %load_value = load i16, i16* %value, align 2
  store i16 %load_value, i16* %Check_XX_RangeSigned, align 2
  %Check_XX_RangeSigned_ret = load i16, i16* %Check_XX_RangeSigned, align 2
  ret i16 %Check_XX_RangeSigned_ret
}

define void @Main(%Main_interface* %0) {
entry:
  %x = getelementptr inbounds %Main_interface, %Main_interface* %0, i32 0, i32 0
  store i16 7, i16* %x, align 2
  ret void
}

