---
source: src/codegen/tests/directaccess_test.rs
expression: prog

---
; ModuleID = 'main'
source_filename = "main"

%main_interface = type { %myStruct }
%myStruct = type { i8 }

define i16 @main(%main_interface* %0) {
entry:
  %str = getelementptr inbounds %main_interface, %main_interface* %0, i32 0, i32 0
  %main = alloca i16, align 2
  store %myStruct zeroinitializer, %myStruct* %str, align 1
  %x = getelementptr inbounds %myStruct, %myStruct* %str, i32 0, i32 0
  %1 = load i8, i8* %x, align 1
  %erase = and i8 %1, -2
  store i8 %erase, i8* %x, align 1
  %x1 = getelementptr inbounds %myStruct, %myStruct* %str, i32 0, i32 0
  %2 = load i8, i8* %x1, align 1
  %erase2 = and i8 %2, -3
  %or = or i8 %erase2, 2
  store i8 %or, i8* %x1, align 1
  %main_ret = load i16, i16* %main, align 2
  ret i16 %main_ret
}

