---
source: compiler/plc_xml/src/xml_parser/control.rs
expression: diagnostics
---
[
    Diagnostic {
        message: "Unnamed control",
        primary_location: SourceLocation {
            span: Block {
                local_id: 1,
                execution_order: Some(
                    0,
                ),
                inner_range: None,
            },
        },
        secondary_locations: None,
        error_code: "E087",
        sub_diagnostics: [],
        internal_error: None,
    },
    Diagnostic {
        message: "Unnamed control",
        primary_location: SourceLocation {
            span: Block {
                local_id: 2,
                execution_order: Some(
                    1,
                ),
                inner_range: None,
            },
        },
        secondary_locations: None,
        error_code: "E087",
        sub_diagnostics: [],
        internal_error: None,
    },
]
